Component: ARM Compiler 5.06 update 6 (build 750) Tool: armlink [4d35ed]

==============================================================================

Section Cross References

    startup_stm32f401xc.o(STACK) refers (Special) to heapauxi.o(.text) for __use_two_region_memory
    startup_stm32f401xc.o(HEAP) refers (Special) to heapauxi.o(.text) for __use_two_region_memory
    startup_stm32f401xc.o(RESET) refers (Special) to heapauxi.o(.text) for __use_two_region_memory
    startup_stm32f401xc.o(RESET) refers to startup_stm32f401xc.o(STACK) for __initial_sp
    startup_stm32f401xc.o(RESET) refers to startup_stm32f401xc.o(.text) for Reset_Handler
    startup_stm32f401xc.o(RESET) refers to stm32f4xx_it.o(i.NMI_Handler) for NMI_Handler
    startup_stm32f401xc.o(RESET) refers to stm32f4xx_it.o(i.HardFault_Handler) for HardFault_Handler
    startup_stm32f401xc.o(RESET) refers to stm32f4xx_it.o(i.MemManage_Handler) for MemManage_Handler
    startup_stm32f401xc.o(RESET) refers to stm32f4xx_it.o(i.BusFault_Handler) for BusFault_Handler
    startup_stm32f401xc.o(RESET) refers to stm32f4xx_it.o(i.UsageFault_Handler) for UsageFault_Handler
    startup_stm32f401xc.o(RESET) refers to stm32f4xx_it.o(i.SVC_Handler) for SVC_Handler
    startup_stm32f401xc.o(RESET) refers to stm32f4xx_it.o(i.DebugMon_Handler) for DebugMon_Handler
    startup_stm32f401xc.o(RESET) refers to stm32f4xx_it.o(i.PendSV_Handler) for PendSV_Handler
    startup_stm32f401xc.o(RESET) refers to stm32f4xx_it.o(i.SysTick_Handler) for SysTick_Handler
    startup_stm32f401xc.o(RESET) refers to stm32f4xx_it.o(i.DMA2_Stream2_IRQHandler) for DMA2_Stream2_IRQHandler
    startup_stm32f401xc.o(RESET) refers to stm32f4xx_it.o(i.DMA2_Stream7_IRQHandler) for DMA2_Stream7_IRQHandler
    startup_stm32f401xc.o(.text) refers (Special) to heapauxi.o(.text) for __use_two_region_memory
    startup_stm32f401xc.o(.text) refers to system_stm32f4xx.o(i.SystemInit) for SystemInit
    startup_stm32f401xc.o(.text) refers to __main.o(!!!main) for __main
    startup_stm32f401xc.o(.text) refers to startup_stm32f401xc.o(HEAP) for Heap_Mem
    startup_stm32f401xc.o(.text) refers to startup_stm32f401xc.o(STACK) for Stack_Mem
    adxl375mkm.o(i.Adxl375_Motion_Detection) refers to adxl375mkm.o(i.Write_Adxl375_Reg) for Write_Adxl375_Reg
    adxl375mkm.o(i.Adxl375_Motion_Detection) refers to stm32f4xx_hal_uart.o(i.HAL_UART_Transmit) for HAL_UART_Transmit
    adxl375mkm.o(i.Adxl375_Motion_Detection) refers to adxl375mkm.o(i.Read_Adxl375_Reg) for Read_Adxl375_Reg
    adxl375mkm.o(i.Adxl375_Motion_Detection) refers to main.o(.bss) for huart1
    adxl375mkm.o(i.Adxl375_Offset_Calculation) refers to adxl375mkm.o(i.Read_Adxl375_Regs) for Read_Adxl375_Regs
    adxl375mkm.o(i.Adxl375_Offset_Calculation) refers to stm32f4xx_hal.o(i.HAL_Delay) for HAL_Delay
    adxl375mkm.o(i.Adxl375_Offset_Calculation) refers to adxl375mkm.o(.data) for .data
    adxl375mkm.o(i.Adxl375_Trigger_Wait) refers to adxl375mkm.o(i.Read_Adxl375_Regs) for Read_Adxl375_Regs
    adxl375mkm.o(i.Adxl375_Trigger_Wait) refers to main.o(.data) for gtrtmr
    adxl375mkm.o(i.Adxl375_Trigger_Wait) refers to adxl375mkm.o(.data) for .data
    adxl375mkm.o(i.Init_Adxl375) refers to adxl375mkm.o(i.Read_Adxl375_Id) for Read_Adxl375_Id
    adxl375mkm.o(i.Init_Adxl375) refers to adxl375mkm.o(i.Read_Adxl375_Reg) for Read_Adxl375_Reg
    adxl375mkm.o(i.Init_Adxl375) refers to adxl375mkm.o(i.Write_Adxl375_Reg) for Write_Adxl375_Reg
    adxl375mkm.o(i.Init_Adxl375) refers to stm32f4xx_hal.o(i.HAL_Delay) for HAL_Delay
    adxl375mkm.o(i.Init_Adxl375) refers to adxl375mkm.o(i.Adxl375_Offset_Calculation) for Adxl375_Offset_Calculation
    adxl375mkm.o(i.Read_Adxl375_Id) refers to stm32f4xx_hal_gpio.o(i.HAL_GPIO_WritePin) for HAL_GPIO_WritePin
    adxl375mkm.o(i.Read_Adxl375_Id) refers to stm32f4xx_hal_spi.o(i.HAL_SPI_Transmit) for HAL_SPI_Transmit
    adxl375mkm.o(i.Read_Adxl375_Id) refers to stm32f4xx_hal_spi.o(i.HAL_SPI_Receive) for HAL_SPI_Receive
    adxl375mkm.o(i.Read_Adxl375_Id) refers to main.o(.bss) for hspi1
    adxl375mkm.o(i.Read_Adxl375_Reg) refers to stm32f4xx_hal_gpio.o(i.HAL_GPIO_WritePin) for HAL_GPIO_WritePin
    adxl375mkm.o(i.Read_Adxl375_Reg) refers to stm32f4xx_hal_spi.o(i.HAL_SPI_Transmit) for HAL_SPI_Transmit
    adxl375mkm.o(i.Read_Adxl375_Reg) refers to stm32f4xx_hal_spi.o(i.HAL_SPI_Receive) for HAL_SPI_Receive
    adxl375mkm.o(i.Read_Adxl375_Reg) refers to main.o(.bss) for hspi1
    adxl375mkm.o(i.Read_Adxl375_Regs) refers to stm32f4xx_hal_gpio.o(i.HAL_GPIO_WritePin) for HAL_GPIO_WritePin
    adxl375mkm.o(i.Read_Adxl375_Regs) refers to stm32f4xx_hal_spi.o(i.HAL_SPI_Transmit) for HAL_SPI_Transmit
    adxl375mkm.o(i.Read_Adxl375_Regs) refers to stm32f4xx_hal_spi.o(i.HAL_SPI_Receive) for HAL_SPI_Receive
    adxl375mkm.o(i.Read_Adxl375_Regs) refers to main.o(.bss) for hspi1
    adxl375mkm.o(i.Update_Accel_Data) refers to _printf_percent.o(.ARM.Collect$$_printf_percent$$00000000) for _printf_percent
[...]
    ../fplib/istatus.s                       0x00000000   Number         0  istatus.o ABSOLUTE
    ../fplib/printf1.s                       0x00000000   Number         0  printf1.o ABSOLUTE
    ../fplib/retnan.s                        0x00000000   Number         0  retnan.o ABSOLUTE
    ../fplib/scalbn.s                        0x00000000   Number         0  scalbn.o ABSOLUTE
    ../fplib/trapv.s                         0x00000000   Number         0  trapv.o ABSOLUTE
    ../fplib/usenofp.s                       0x00000000   Number         0  usenofp.o ABSOLUTE
    ../mathlib/asin.c                        0x00000000   Number         0  asin.o ABSOLUTE
    ../mathlib/asin.c                        0x00000000   Number         0  asin_x.o ABSOLUTE
    ../mathlib/atan.c                        0x00000000   Number         0  atan_x.o ABSOLUTE
    ../mathlib/atan.c                        0x00000000   Number         0  atan.o ABSOLUTE
    ../mathlib/atan2.c                       0x00000000   Number         0  atan2_x.o ABSOLUTE
    ../mathlib/atan2.c                       0x00000000   Number         0  atan2.o ABSOLUTE
    ../mathlib/dunder.c                      0x00000000   Number         0  dunder.o ABSOLUTE
    ../mathlib/fabs.c                        0x00000000   Number         0  fabs.o ABSOLUTE
    ../mathlib/fpclassify.c                  0x00000000   Number         0  fpclassify.o ABSOLUTE
    ../mathlib/poly.c                        0x00000000   Number         0  poly.o ABSOLUTE
    ../mathlib/pow.c                         0x00000000   Number         0  pow_x.o ABSOLUTE
    ../mathlib/pow.c                         0x00000000   Number         0  pow.o ABSOLUTE
    ../mathlib/qnan.c                        0x00000000   Number         0  qnan.o ABSOLUTE
    ../mathlib/sqrt.c                        0x00000000   Number         0  sqrt_x.o ABSOLUTE
    ../mathlib/sqrt.c                        0x00000000   Number         0  sqrt.o ABSOLUTE
    ..\Core\Src\adxl375mkm.c                 0x00000000   Number         0  adxl375mkm.o ABSOLUTE
    ..\Core\Src\bme280mkm.c                  0x00000000   Number         0  bme280mkm.o ABSOLUTE
    ..\Core\Src\fonts.c                      0x00000000   Number         0  fonts.o ABSOLUTE
    ..\Core\Src\im66d1mkm.c                  0x00000000   Number         0  im66d1mkm.o ABSOLUTE
    ..\Core\Src\jdy25mkm.c                   0x00000000   Number         0  jdy25mkm.o ABSOLUTE
    ..\Core\Src\main.c                       0x00000000   Number         0  main.o ABSOLUTE
    ..\Core\Src\mpu9250mkm.c                 0x00000000   Number         0  mpu9250mkm.o ABSOLUTE
    ..\Core\Src\ms5611mkm.c                  0x00000000   Number         0  ms5611mkm.o ABSOLUTE
    ..\Core\Src\rn4871mkm.c                  0x00000000   Number         0  rn4871mkm.o ABSOLUTE
    ..\Core\Src\ssd1306mkm.c                 0x00000000   Number         0  ssd1306mkm.o ABSOLUTE
    ..\Core\Src\stm32f4xx_hal_msp.c          0x00000000   Number         0  stm32f4xx_hal_msp.o ABSOLUTE
    ..\Core\Src\stm32f4xx_it.c               0x00000000   Number         0  stm32f4xx_it.o ABSOLUTE
    ..\Core\Src\system_stm32f4xx.c           0x00000000   Number         0  system_stm32f4xx.o ABSOLUTE
    ..\Core\Src\tfminismkm.c                 0x00000000   Number         0  tfminismkm.o ABSOLUTE
    ..\Core\Src\tlv493dmkm.c                 0x00000000   Number         0  tlv493dmkm.o ABSOLUTE
    ..\Core\Src\tm_stm32_ahrs_imu.c          0x00000000   Number         0  tm_stm32_ahrs_imu.o ABSOLUTE
    ..\Core\Src\utilfuncmkm.c                0x00000000   Number         0  utilfuncmkm.o ABSOLUTE
    ..\Core\Src\vl53l0xmkm.c                 0x00000000   Number         0  vl53l0xmkm.o ABSOLUTE
    ..\Core\Src\vl6180xmkm.c                 0x00000000   Number         0  vl6180xmkm.o ABSOLUTE
    ..\Core\Src\w25q256mkm.c                 0x00000000   Number         0  w25q256mkm.o ABSOLUTE
    ..\Drivers\STM32F4xx_HAL_Driver\Src\stm32f4xx_hal.c 0x00000000   Number         0  stm32f4xx_hal.o ABSOLUTE
    ..\Drivers\STM32F4xx_HAL_Driver\Src\stm32f4xx_hal_cortex.c 0x00000000   Number         0  stm32f4xx_hal_cortex.o ABSOLUTE
    ..\Drivers\STM32F4xx_HAL_Driver\Src\stm32f4xx_hal_crc.c 0x00000000   Number         0  stm32f4xx_hal_crc.o ABSOLUTE
    ..\Drivers\STM32F4xx_HAL_Driver\Src\stm32f4xx_hal_dma.c 0x00000000   Number         0  stm32f4xx_hal_dma.o ABSOLUTE
    ..\Drivers\STM32F4xx_HAL_Driver\Src\stm32f4xx_hal_dma_ex.c 0x00000000   Number         0  stm32f4xx_hal_dma_ex.o ABSOLUTE
    ..\Drivers\STM32F4xx_HAL_Driver\Src\stm32f4xx_hal_exti.c 0x00000000   Number         0  stm32f4xx_hal_exti.o ABSOLUTE
    ..\Drivers\STM32F4xx_HAL_Driver\Src\stm32f4xx_hal_flash.c 0x00000000   Number         0  stm32f4xx_hal_flash.o ABSOLUTE
    ..\Drivers\STM32F4xx_HAL_Driver\Src\stm32f4xx_hal_flash_ex.c 0x00000000   Number         0  stm32f4xx_hal_flash_ex.o ABSOLUTE
    ..\Drivers\STM32F4xx_HAL_Driver\Src\stm32f4xx_hal_flash_ramfunc.c 0x00000000   Number         0  stm32f4xx_hal_flash_ramfunc.o ABSOLUTE
    ..\Drivers\STM32F4xx_HAL_Driver\Src\stm32f4xx_hal_gpio.c 0x00000000   Number         0  stm32f4xx_hal_gpio.o ABSOLUTE
    ..\Drivers\STM32F4xx_HAL_Driver\Src\stm32f4xx_hal_i2c.c 0x00000000   Number         0  stm32f4xx_hal_i2c.o ABSOLUTE
    ..\Drivers\STM32F4xx_HAL_Driver\Src\stm32f4xx_hal_i2c_ex.c 0x00000000   Number         0  stm32f4xx_hal_i2c_ex.o ABSOLUTE
    ..\Drivers\STM32F4xx_HAL_Driver\Src\stm32f4xx_hal_pwr.c 0x00000000   Number         0  stm32f4xx_hal_pwr.o ABSOLUTE
    ..\Drivers\STM32F4xx_HAL_Driver\Src\stm32f4xx_hal_pwr_ex.c 0x00000000   Number         0  stm32f4xx_hal_pwr_ex.o ABSOLUTE
    ..\Drivers\STM32F4xx_HAL_Driver\Src\stm32f4xx_hal_rcc.c 0x00000000   Number         0  stm32f4xx_hal_rcc.o ABSOLUTE
    ..\Drivers\STM32F4xx_HAL_Driver\Src\stm32f4xx_hal_rcc_ex.c 0x00000000   Number         0  stm32f4xx_hal_rcc_ex.o ABSOLUTE
    ..\Drivers\STM32F4xx_HAL_Driver\Src\stm32f4xx_hal_spi.c 0x00000000   Number         0  stm32f4xx_hal_spi.o ABSOLUTE
    ..\Drivers\STM32F4xx_HAL_Driver\Src\stm32f4xx_hal_tim.c 0x00000000   Number         0  stm32f4xx_hal_tim.o ABSOLUTE
    ..\Drivers\STM32F4xx_HAL_Driver\Src\stm32f4xx_hal_tim_ex.c 0x00000000   Number         0  stm32f4xx_hal_tim_ex.o ABSOLUTE
    ..\Drivers\STM32F4xx_HAL_Driver\Src\stm32f4xx_hal_uart.c 0x00000000   Number         0  stm32f4xx_hal_uart.o ABSOLUTE
    ..\\Core\\Src\\adxl375mkm.c              0x00000000   Number         0  adxl375mkm.o ABSOLUTE
    ..\\Core\\Src\\fonts.c                   0x00000000   Number         0  fonts.o ABSOLUTE
    ..\\Core\\Src\\jdy25mkm.c                0x00000000   Number         0  jdy25mkm.o ABSOLUTE
    ..\\Core\\Src\\mpu9250mkm.c              0x00000000   Number         0  mpu9250mkm.o ABSOLUTE
    ..\\Core\\Src\\ms5611mkm.c               0x00000000   Number         0  ms5611mkm.o ABSOLUTE
    ..\\Core\\Src\\rn4871mkm.c               0x00000000   Number         0  rn4871mkm.o ABSOLUTE
    ..\\Core\\Src\\ssd1306mkm.c              0x00000000   Number         0  ssd1306mkm.o ABSOLUTE
    ..\\Core\\Src\\tfminismkm.c              0x00000000   Number         0  tfminismkm.o ABSOLUTE
    ..\\Core\\Src\\tlv493dmkm.c              0x00000000   Number         0  tlv493dmkm.o ABSOLUTE
    ..\\Core\\Src\\utilfuncmkm.c             0x00000000   Number         0  utilfuncmkm.o ABSOLUTE
    ..\\Core\\Src\\vl53l0xmkm.c              0x00000000   Number         0  vl53l0xmkm.o ABSOLUTE
    ..\\Core\\Src\\vl6180xmkm.c              0x00000000   Number         0  vl6180xmkm.o ABSOLUTE
    ..\\Core\\Src\\w25q256mkm.c              0x00000000   Number         0  w25q256mkm.o ABSOLUTE
    dc.s                                     0x00000000   Number         0  dc.o ABSOLUTE
    startup_stm32f401xc.s                    0x00000000   Number         0  startup_stm32f401xc.o ABSOLUTE
    RESET                                    0x08000000   Section      404  startup_stm32f401xc.o(RESET)
    !!!main                                  0x08000194   Section        8  __main.o(!!!main)
    !!!scatter                               0x0800019c   Section       52  __scatter.o(!!!scatter)
    !!handler_copy                           0x080001d0   Section       26  __scatter_copy.o(!!handler_copy)
    !!handler_zi                             0x080001ec   Section       28  __scatter_zi.o(!!handler_zi)
    .ARM.Collect$$_printf_percent$$00000000  0x08000208   Section        0  _printf_percent.o(.ARM.Collect$$_printf_percent$$00000000)
    .ARM.Collect$$_printf_percent$$00000003  0x08000208   Section        6  _printf_f.o(.ARM.Collect$$_printf_percent$$00000003)
    .ARM.Collect$$_printf_percent$$00000009  0x0800020e   Section        6  _printf_d.o(.ARM.Collect$$_printf_percent$$00000009)
    .ARM.Collect$$_printf_percent$$00000017  0x08000214   Section        4  _printf_percent_end.o(.ARM.Collect$$_printf_percent$$00000017)
    .ARM.Collect$$libinit$$00000000          0x08000218   Section        2  libinit.o(.ARM.Collect$$libinit$$00000000)
    .ARM.Collect$$libinit$$00000001          0x0800021a   Section        4  libinit2.o(.ARM.Collect$$libinit$$00000001)
    .ARM.Collect$$libinit$$00000004          0x0800021e   Section        0  libinit2.o(.ARM.Collect$$libinit$$00000004)
    .ARM.Collect$$libinit$$0000000A          0x0800021e   Section        0  libinit2.o(.ARM.Collect$$libinit$$0000000A)
    .ARM.Collect$$libinit$$0000000C          0x0800021e   Section        0  libinit2.o(.ARM.Collect$$libinit$$0000000C)
    .ARM.Collect$$libinit$$0000000E          0x0800021e   Section        0  libinit2.o(.ARM.Collect$$libinit$$0000000E)
    .ARM.Collect$$libinit$$0000000F          0x0800021e   Section        6  libinit2.o(.ARM.Collect$$libinit$$0000000F)
    .ARM.Collect$$libinit$$00000011          0x08000224   Section        0  libinit2.o(.ARM.Collect$$libinit$$00000011)
    .ARM.Collect$$libinit$$00000013          0x08000224   Section        0  libinit2.o(.ARM.Collect$$libinit$$00000013)
    .ARM.Collect$$libinit$$00000015          0x08000224   Section        0  libinit2.o(.ARM.Collect$$libinit$$00000015)
    .ARM.Collect$$libinit$$00000016          0x08000224   Section       10  libinit2.o(.ARM.Collect$$libinit$$00000016)
    .ARM.Collect$$libinit$$00000017          0x0800022e   Section        0  libinit2.o(.ARM.Collect$$libinit$$00000017)
    .ARM.Collect$$libinit$$00000019          0x0800022e   Section        0  libinit2.o(.ARM.Collect$$libinit$$00000019)
    .ARM.Collect$$libinit$$0000001B          0x0800022e   Section        0  libinit2.o(.ARM.Collect$$libinit$$0000001B)
    .ARM.Collect$$libinit$$0000001D          0x0800022e   Section        0  libinit2.o(.ARM.Collect$$libinit$$0000001D)
    .ARM.Collect$$libinit$$0000001F          0x0800022e   Section        0  libinit2.o(.ARM.Collect$$libinit$$0000001F)
    .ARM.Collect$$libinit$$00000021          0x0800022e   Section        0  libinit2.o(.ARM.Collect$$libinit$$00000021)
    .ARM.Collect$$libinit$$00000023          0x0800022e   Section        0  libinit2.o(.ARM.Collect$$libinit$$00000023)
    .ARM.Collect$$libinit$$00000025          0x0800022e   Section        0  libinit2.o(.ARM.Collect$$libinit$$00000025)
    .ARM.Collect$$libinit$$0000002C          0x0800022e   Section        0  libinit2.o(.ARM.Collect$$libinit$$0000002C)
    .ARM.Collect$$libinit$$0000002E          0x0800022e   Section        0  libinit2.o(.ARM.Collect$$libinit$$0000002E)
    .ARM.Collect$$libinit$$00000030          0x0800022e   Section        0  libinit2.o(.ARM.Collect$$libinit$$00000030)
    .ARM.Collect$$libinit$$00000032          0x0800022e   Section        0  libinit2.o(.ARM.Collect$$libinit$$00000032)
    .ARM.Collect$$libinit$$00000033          0x0800022e   Section        2  libinit2.o(.ARM.Collect$$libinit$$00000033)
    .ARM.Collect$$libshutdown$$00000000      0x08000230   Section        2  libshutdown.o(.ARM.Collect$$libshutdown$$00000000)
    .ARM.Collect$$libshutdown$$00000002      0x08000232   Section        0  libshutdown2.o(.ARM.Collect$$libshutdown$$00000002)
    .ARM.Collect$$libshutdown$$00000004      0x08000232   Section        0  libshutdown2.o(.ARM.Collect$$libshutdown$$00000004)
    .ARM.Collect$$libshutdown$$00000007      0x08000232   Section        0  libshutdown2.o(.ARM.Collect$$libshutdown$$00000007)
    .ARM.Collect$$libshutdown$$0000000A      0x08000232   Section        0  libshutdown2.o(.ARM.Collect$$libshutdown$$0000000A)
    .ARM.Collect$$libshutdown$$0000000C      0x08000232   Section        0  libshutdown2.o(.ARM.Collect$$libshutdown$$0000000C)
    .ARM.Collect$$libshutdown$$0000000F      0x08000232   Section        0  libshutdown2.o(.ARM.Collect$$libshutdown$$0000000F)
    .ARM.Collect$$libshutdown$$00000010      0x08000232   Section        2  libshutdown2.o(.ARM.Collect$$libshutdown$$00000010)
    .ARM.Collect$$rtentry$$00000000          0x08000234   Section        0  __rtentry.o(.ARM.Collect$$rtentry$$00000000)
    .ARM.Collect$$rtentry$$00000002          0x08000234   Section        0  __rtentry2.o(.ARM.Collect$$rtentry$$00000002)
    .ARM.Collect$$rtentry$$00000004          0x08000234   Section        6  __rtentry4.o(.ARM.Collect$$rtentry$$00000004)
    .ARM.Collect$$rtentry$$00000009          0x0800023a   Section        0  __rtentry2.o(.ARM.Collect$$rtentry$$00000009)
    .ARM.Collect$$rtentry$$0000000A          0x0800023a   Section        4  __rtentry2.o(.ARM.Collect$$rtentry$$0000000A)
    .ARM.Collect$$rtentry$$0000000C          0x0800023e   Section        0  __rtentry2.o(.ARM.Collect$$rtentry$$0000000C)
    .ARM.Collect$$rtentry$$0000000D          0x0800023e   Section        8  __rtentry2.o(.ARM.Collect$$rtentry$$0000000D)
    .ARM.Collect$$rtexit$$00000000           0x08000246   Section        2  rtexit.o(.ARM.Collect$$rtexit$$00000000)
    .ARM.Collect$$rtexit$$00000002           0x08000248   Section        0  rtexit2.o(.ARM.Collect$$rtexit$$00000002)
    .ARM.Collect$$rtexit$$00000003           0x08000248   Section        4  rtexit2.o(.ARM.Collect$$rtexit$$00000003)
    .ARM.Collect$$rtexit$$00000004           0x0800024c   Section        6  rtexit2.o(.ARM.Collect$$rtexit$$00000004)
    .text                                    0x08000254   Section       64  startup_stm32f401xc.o(.text)
    $v0                                      0x08000254   Number         0  startup_stm32f401xc.o(.text)
    .text                                    0x08000294   Section      238  lludivv7m.o(.text)
    .text                                    0x08000384   Section        0  noretval__2sprintf.o(.text)
    .text                                    0x080003ac   Section        0  _printf_pad.o(.text)
    .text                                    0x080003fc   Section        0  _printf_dec.o(.text)
    .text                                    0x08000474   Section        0  __printf_flags_wp.o(.text)
    .text                                    0x080005ac   Section       78  rt_memclr_w.o(.text)
    .text                                    0x080005fa   Section        0  heapauxi.o(.text)
    .text                                    0x08000600   Section        0  _printf_intcommon.o(.text)
    .text                                    0x080006b2   Section        0  _printf_fp_dec.o(.text)
    _fp_digits                               0x080006b5   Thumb Code   432  _printf_fp_dec.o(.text)
    .text                                    0x08000ad0   Section        0  _printf_char_common.o(.text)
    _printf_input_char                       0x08000ad1   Thumb Code    10  _printf_char_common.o(.text)
    .text                                    0x08000b00   Section        0  _sputc.o(.text)
    .text                                    0x08000b0c   Section        8  rt_locale_intlibspace.o(.text)
    .text                                    0x08000b14   Section      138  lludiv10.o(.text)
    .text                                    0x08000ba0   Section        0  _printf_fp_infnan.o(.text)
    .text                                    0x08000c20   Section        0  bigflt0.o(.text)
    .text                                    0x08000d04   Section        8  libspace.o(.text)
    .text                                    0x08000d0c   Section       74  sys_stackheap_outer.o(.text)
    .text                                    0x08000d56   Section        0  exit.o(.text)
    .text                                    0x08000d68   Section      128  strcmpv7m.o(.text)
    .text                                    0x08000de8   Section        0  sys_exit.o(.text)
    .text                                    0x08000df4   Section        2  use_no_semi.o(.text)
    .text                                    0x08000df6   Section        0  indicate_semi.o(.text)
    CL$$btod_d2e                             0x08000df6   Section       62  btod.o(CL$$btod_d2e)
    CL$$btod_d2e_denorm_low                  0x08000e34   Section       70  btod.o(CL$$btod_d2e_denorm_low)
    CL$$btod_d2e_norm_op1                    0x08000e7a   Section       96  btod.o(CL$$btod_d2e_norm_op1)
    CL$$btod_div_common                      0x08000eda   Section      824  btod.o(CL$$btod_div_common)
    CL$$btod_e2e                             0x08001212   Section      220  btod.o(CL$$btod_e2e)
    CL$$btod_ediv                            0x080012ee   Section       42  btod.o(CL$$btod_ediv)
    CL$$btod_emul                            0x08001318   Section       42  btod.o(CL$$btod_emul)
    CL$$btod_mult_common                     0x08001342   Section      580  btod.o(CL$$btod_mult_common)
    i.BusFault_Handler                       0x08001586   Section        0  stm32f4xx_it.o(i.BusFault_Handler)
    i.DMA2_Stream2_IRQHandler                0x08001588   Section        0  stm32f4xx_it.o(i.DMA2_Stream2_IRQHandler)
    i.DMA2_Stream7_IRQHandler                0x08001594   Section        0  stm32f4xx_it.o(i.DMA2_Stream7_IRQHandler)
    i.DMA_CalcBaseAndBitshift                0x080015a0   Section        0  stm32f4xx_hal_dma.o(i.DMA_CalcBaseAndBitshift)
    DMA_CalcBaseAndBitshift                  0x080015a1   Thumb Code    34  stm32f4xx_hal_dma.o(i.DMA_CalcBaseAndBitshift)
    i.DMA_CheckFifoParam                     0x080015c8   Section        0  stm32f4xx_hal_dma.o(i.DMA_CheckFifoParam)
    DMA_CheckFifoParam                       0x080015c9   Thumb Code    84  stm32f4xx_hal_dma.o(i.DMA_CheckFifoParam)
    i.DebugMon_Handler                       0x0800161c   Section        0  stm32f4xx_it.o(i.DebugMon_Handler)
    i.Error_Handler                          0x0800161e   Section        0  main.o(i.Error_Handler)
    i.HAL_CRC_Init                           0x08001622   Section        0  stm32f4xx_hal_crc.o(i.HAL_CRC_Init)
    i.HAL_CRC_MspInit                        0x08001644   Section        0  stm32f4xx_hal_msp.o(i.HAL_CRC_MspInit)
    i.HAL_DMA_IRQHandler                     0x0800166c   Section        0  stm32f4xx_hal_dma.o(i.HAL_DMA_IRQHandler)
    i.HAL_DMA_Init                           0x0800180c   Section        0  stm32f4xx_hal_dma.o(i.HAL_DMA_Init)
    i.HAL_Delay                              0x080018e0   Section        0  stm32f4xx_hal.o(i.HAL_Delay)
    i.HAL_GPIO_Init                          0x08001904   Section        0  stm32f4xx_hal_gpio.o(i.HAL_GPIO_Init)
    i.HAL_GPIO_WritePin                      0x08001ae0   Section        0  stm32f4xx_hal_gpio.o(i.HAL_GPIO_WritePin)
    i.HAL_GetTick                            0x08001aec   Section        0  stm32f4xx_hal.o(i.HAL_GetTick)
    i.HAL_I2C_Init                           0x08001af8   Section        0  stm32f4xx_hal_i2c.o(i.HAL_I2C_Init)
    i.HAL_I2C_IsDeviceReady                  0x08001c80   Section        0  stm32f4xx_hal_i2c.o(i.HAL_I2C_IsDeviceReady)
    i.HAL_I2C_Mem_Read                       0x08001dec   Section        0  stm32f4xx_hal_i2c.o(i.HAL_I2C_Mem_Read)
    i.HAL_I2C_Mem_Write                      0x08001fe4   Section        0  stm32f4xx_hal_i2c.o(i.HAL_I2C_Mem_Write)
    i.HAL_I2C_MspInit                        0x08002114   Section        0  stm32f4xx_hal_msp.o(i.HAL_I2C_MspInit)
    i.HAL_IncTick                            0x0800217c   Section        0  stm32f4xx_hal.o(i.HAL_IncTick)
    i.HAL_Init                               0x0800218c   Section        0  stm32f4xx_hal.o(i.HAL_Init)
    i.HAL_InitTick                           0x080021c0   Section        0  stm32f4xx_hal.o(i.HAL_InitTick)
    i.HAL_MspInit                            0x08002200   Section        0  stm32f4xx_hal_msp.o(i.HAL_MspInit)
    i.HAL_NVIC_EnableIRQ                     0x08002230   Section        0  stm32f4xx_hal_cortex.o(i.HAL_NVIC_EnableIRQ)
    i.HAL_NVIC_SetPriority                   0x0800224c   Section        0  stm32f4xx_hal_cortex.o(i.HAL_NVIC_SetPriority)
    i.HAL_NVIC_SetPriorityGrouping           0x0800228c   Section        0  stm32f4xx_hal_cortex.o(i.HAL_NVIC_SetPriorityGrouping)
    i.HAL_RCC_ClockConfig                    0x080022b0   Section        0  stm32f4xx_hal_rcc.o(i.HAL_RCC_ClockConfig)
    i.HAL_RCC_GetPCLK1Freq                   0x080023e4   Section        0  stm32f4xx_hal_rcc.o(i.HAL_RCC_GetPCLK1Freq)
    i.HAL_RCC_GetPCLK2Freq                   0x08002404   Section        0  stm32f4xx_hal_rcc.o(i.HAL_RCC_GetPCLK2Freq)
    i.HAL_RCC_GetSysClockFreq                0x08002424   Section        0  stm32f4xx_hal_rcc.o(i.HAL_RCC_GetSysClockFreq)
    i.HAL_RCC_OscConfig                      0x08002488   Section        0  stm32f4xx_hal_rcc.o(i.HAL_RCC_OscConfig)
    i.HAL_SPI_Init                           0x080027f4   Section        0  stm32f4xx_hal_spi.o(i.HAL_SPI_Init)
    i.HAL_SPI_MspInit                        0x080028b0   Section        0  stm32f4xx_hal_msp.o(i.HAL_SPI_MspInit)
    i.HAL_SYSTICK_Config                     0x08002918   Section        0  stm32f4xx_hal_cortex.o(i.HAL_SYSTICK_Config)
    i.HAL_UART_Init                          0x08002940   Section        0  stm32f4xx_hal_uart.o(i.HAL_UART_Init)
    i.HAL_UART_MspInit                       0x080029a4   Section        0  stm32f4xx_hal_msp.o(i.HAL_UART_MspInit)
    i.HAL_UART_Transmit                      0x08002a80   Section        0  stm32f4xx_hal_uart.o(i.HAL_UART_Transmit)
    i.HardFault_Handler                      0x08002b32   Section        0  stm32f4xx_it.o(i.HardFault_Handler)
    i.I2C_IsAcknowledgeFailed                0x08002b34   Section        0  stm32f4xx_hal_i2c.o(i.I2C_IsAcknowledgeFailed)
    I2C_IsAcknowledgeFailed                  0x08002b35   Thumb Code    46  stm32f4xx_hal_i2c.o(i.I2C_IsAcknowledgeFailed)
    i.I2C_RequestMemoryRead                  0x08002b64   Section        0  stm32f4xx_hal_i2c.o(i.I2C_RequestMemoryRead)
    I2C_RequestMemoryRead                    0x08002b65   Thumb Code   246  stm32f4xx_hal_i2c.o(i.I2C_RequestMemoryRead)
    i.I2C_RequestMemoryWrite                 0x08002c60   Section        0  stm32f4xx_hal_i2c.o(i.I2C_RequestMemoryWrite)
    I2C_RequestMemoryWrite                   0x08002c61   Thumb Code   162  stm32f4xx_hal_i2c.o(i.I2C_RequestMemoryWrite)
    i.I2C_WaitOnBTFFlagUntilTimeout          0x08002d08   Section        0  stm32f4xx_hal_i2c.o(i.I2C_WaitOnBTFFlagUntilTimeout)
    I2C_WaitOnBTFFlagUntilTimeout            0x08002d09   Thumb Code    76  stm32f4xx_hal_i2c.o(i.I2C_WaitOnBTFFlagUntilTimeout)
    i.I2C_WaitOnFlagUntilTimeout             0x08002d54   Section        0  stm32f4xx_hal_i2c.o(i.I2C_WaitOnFlagUntilTimeout)
    I2C_WaitOnFlagUntilTimeout               0x08002d55   Thumb Code   104  stm32f4xx_hal_i2c.o(i.I2C_WaitOnFlagUntilTimeout)
    i.I2C_WaitOnMasterAddressFlagUntilTimeout 0x08002dbc   Section        0  stm32f4xx_hal_i2c.o(i.I2C_WaitOnMasterAddressFlagUntilTimeout)
    I2C_WaitOnMasterAddressFlagUntilTimeout  0x08002dbd   Thumb Code   150  stm32f4xx_hal_i2c.o(i.I2C_WaitOnMasterAddressFlagUntilTimeout)
    i.I2C_WaitOnRXNEFlagUntilTimeout         0x08002e52   Section        0  stm32f4xx_hal_i2c.o(i.I2C_WaitOnRXNEFlagUntilTimeout)
    I2C_WaitOnRXNEFlagUntilTimeout           0x08002e53   Thumb Code   102  stm32f4xx_hal_i2c.o(i.I2C_WaitOnRXNEFlagUntilTimeout)
    i.I2C_WaitOnTXEFlagUntilTimeout          0x08002eb8   Section        0  stm32f4xx_hal_i2c.o(i.I2C_WaitOnTXEFlagUntilTimeout)
    I2C_WaitOnTXEFlagUntilTimeout            0x08002eb9   Thumb Code    76  stm32f4xx_hal_i2c.o(i.I2C_WaitOnTXEFlagUntilTimeout)
    i.Init_MPU9250_New                       0x08002f04   Section        0  mpu9250mkm.o(i.Init_MPU9250_New)
    i.MX_GPIO_Init                           0x08003328   Section        0  main.o(i.MX_GPIO_Init)
    MX_GPIO_Init                             0x08003329   Thumb Code   234  main.o(i.MX_GPIO_Init)
    i.MX_SPI1_Init                           0x08003424   Section        0  main.o(i.MX_SPI1_Init)
    MX_SPI1_Init                             0x08003425   Thumb Code    60  main.o(i.MX_SPI1_Init)
    i.MemManage_Handler                      0x08003468   Section        0  stm32f4xx_it.o(i.MemManage_Handler)
    i.NMI_Handler                            0x0800346a   Section        0  stm32f4xx_it.o(i.NMI_Handler)
    i.PendSV_Handler                         0x0800346c   Section        0  stm32f4xx_it.o(i.PendSV_Handler)
    i.Read_MPU_Reg                           0x08003470   Section        0  mpu9250mkm.o(i.Read_MPU_Reg)
    i.Read_MPU_Regs                          0x080034a8   Section        0  mpu9250mkm.o(i.Read_MPU_Regs)
    i.SVC_Handler                            0x080034dc   Section        0  stm32f4xx_it.o(i.SVC_Handler)
    i.SysTick_Handler                        0x080034de   Section        0  stm32f4xx_it.o(i.SysTick_Handler)
    i.SystemClock_Config                     0x080034e4   Section        0  main.o(i.SystemClock_Config)
    i.SystemInit                             0x08003578   Section        0  system_stm32f4xx.o(i.SystemInit)
    i.UART_SetConfig                         0x08003588   Section        0  stm32f4xx_hal_uart.o(i.UART_SetConfig)
    UART_SetConfig                           0x08003589   Thumb Code   258  stm32f4xx_hal_uart.o(i.UART_SetConfig)
    i.UART_WaitOnFlagUntilTimeout            0x08003694   Section        0  stm32f4xx_hal_uart.o(i.UART_WaitOnFlagUntilTimeout)
    UART_WaitOnFlagUntilTimeout              0x08003695   Thumb Code   100  stm32f4xx_hal_uart.o(i.UART_WaitOnFlagUntilTimeout)
    i.UsageFault_Handler                     0x080036f8   Section        0  stm32f4xx_it.o(i.UsageFault_Handler)
    i.Visualize_MPU9250_Data                 0x080036fc   Section        0  main.o(i.Visualize_MPU9250_Data)
    i.Write_AK8963_Reg                       0x08003a14   Section        0  mpu9250mkm.o(i.Write_AK8963_Reg)
    i.Write_MPU_Reg                          0x08003a48   Section        0  mpu9250mkm.o(i.Write_MPU_Reg)
    i.__ARM_fpclassify                       0x08003a7c   Section        0  fpclassify.o(i.__ARM_fpclassify)
    i.__NVIC_SetPriority                     0x08003aac   Section        0  stm32f4xx_hal_cortex.o(i.__NVIC_SetPriority)
    __NVIC_SetPriority                       0x08003aad   Thumb Code    32  stm32f4xx_hal_cortex.o(i.__NVIC_SetPriority)
    i._is_digit                              0x08003acc   Section        0  __printf_wp.o(i._is_digit)
    i.main                                   0x08003adc   Section        0  main.o(i.main)
    locale$$code                             0x08003ba0   Section       44  lc_numeric_c.o(locale$$code)
    x$fpl$d2f                                0x08003bcc   Section       98  d2f.o(x$fpl$d2f)
    $v0                                      0x08003bcc   Number         0  d2f.o(x$fpl$d2f)
    x$fpl$dadd                               0x08003c30   Section      336  daddsub_clz.o(x$fpl$dadd)
    $v0                                      0x08003c30   Number         0  daddsub_clz.o(x$fpl$dadd)
    _dadd1                                   0x08003c41   Thumb Code     0  daddsub_clz.o(x$fpl$dadd)
    x$fpl$dflt                               0x08003d80   Section       46  dflt_clz.o(x$fpl$dflt)
    $v0                                      0x08003d80   Number         0  dflt_clz.o(x$fpl$dflt)
    x$fpl$dmul                               0x08003db0   Section      340  dmul.o(x$fpl$dmul)
    $v0                                      0x08003db0   Number         0  dmul.o(x$fpl$dmul)
    x$fpl$dnaninf                            0x08003f04   Section      156  dnaninf.o(x$fpl$dnaninf)
    $v0                                      0x08003f04   Number         0  dnaninf.o(x$fpl$dnaninf)
    x$fpl$dretinf                            0x08003fa0   Section       12  dretinf.o(x$fpl$dretinf)
    $v0                                      0x08003fa0   Number         0  dretinf.o(x$fpl$dretinf)
    x$fpl$drsb                               0x08003fac   Section       22  daddsub_clz.o(x$fpl$drsb)
    $v0                                      0x08003fac   Number         0  daddsub_clz.o(x$fpl$drsb)
    x$fpl$dsub                               0x08003fc4   Section      468  daddsub_clz.o(x$fpl$dsub)
    $v0                                      0x08003fc4   Number         0  daddsub_clz.o(x$fpl$dsub)
    _dsub1                                   0x08003fd5   Thumb Code     0  daddsub_clz.o(x$fpl$dsub)
    x$fpl$f2d                                0x08004198   Section       86  f2d.o(x$fpl$f2d)
    $v0                                      0x08004198   Number         0  f2d.o(x$fpl$f2d)
    x$fpl$fnaninf                            0x080041ee   Section      140  fnaninf.o(x$fpl$fnaninf)
    $v0                                      0x080041ee   Number         0  fnaninf.o(x$fpl$fnaninf)
    x$fpl$fpinit                             0x0800427a   Section       10  fpinit.o(x$fpl$fpinit)
    $v0                                      0x0800427a   Number         0  fpinit.o(x$fpl$fpinit)
    x$fpl$fretinf                            0x08004284   Section       10  fretinf.o(x$fpl$fretinf)
    $v0                                      0x08004284   Number         0  fretinf.o(x$fpl$fretinf)
    x$fpl$printf1                            0x0800428e   Section        4  printf1.o(x$fpl$printf1)
    $v0                                      0x0800428e   Number         0  printf1.o(x$fpl$printf1)
    .constdata                               0x08004292   Section        8  stm32f4xx_hal_dma.o(.constdata)
    x$fpl$usenofp                            0x08004292   Section        0  usenofp.o(x$fpl$usenofp)
    flagBitshiftOffset                       0x08004292   Data           8  stm32f4xx_hal_dma.o(.constdata)
    .constdata                               0x0800429a   Section       16  system_stm32f4xx.o(.constdata)
    .constdata                               0x080042aa   Section        8  system_stm32f4xx.o(.constdata)
    .constdata                               0x080042b2   Section       17  __printf_flags_wp.o(.constdata)
    maptable                                 0x080042b2   Data          17  __printf_flags_wp.o(.constdata)
    .constdata                               0x080042c4   Section      148  bigflt0.o(.constdata)
    tenpwrs_x                                0x080042c4   Data          60  bigflt0.o(.constdata)
    tenpwrs_i                                0x08004300   Data          64  bigflt0.o(.constdata)
    locale$$data                             0x08004378   Section       28  lc_numeric_c.o(locale$$data)
    __lcnum_c_name                           0x0800437c   Data           2  lc_numeric_c.o(locale$$data)
    __lcnum_c_start                          0x08004384   Data           0  lc_numeric_c.o(locale$$data)
    __lcnum_c_point                          0x08004390   Data           0  lc_numeric_c.o(locale$$data)
    __lcnum_c_thousands                      0x08004392   Data           0  lc_numeric_c.o(locale$$data)
    __lcnum_c_grouping                       0x08004393   Data           0  lc_numeric_c.o(locale$$data)
    __lcnum_c_end                            0x08004394   Data           0  lc_numeric_c.o(locale$$data)
    .data                                    0x20000000   Section        4  mpu9250mkm.o(.data)
    .data                                    0x20000008   Section       56  main.o(.data)
    .data                                    0x20000040   Section       12  stm32f4xx_hal.o(.data)
    .data                                    0x2000004c   Section        4  system_stm32f4xx.o(.data)
    .bss                                     0x20000050   Section      384  main.o(.bss)
    .bss                                     0x200001d0   Section       96  main.o(.bss)
    .bss                                     0x20000230   Section       96  main.o(.bss)
    .bss                                     0x20000290   Section       96  libspace.o(.bss)
    HEAP                                     0x200002f0   Section      512  startup_stm32f401xc.o(HEAP)
    Heap_Mem                                 0x200002f0   Data         512  startup_stm32f401xc.o(HEAP)
    STACK                                    0x200004f0   Section     1024  startup_stm32f401xc.o(STACK)
    Stack_Mem                                0x200004f0   Data        1024  startup_stm32f401xc.o(STACK)
    __initial_sp                             0x200008f0   Data           0  startup_stm32f401xc.o(STACK)

    Global Symbols

    Symbol Name                              Value     Ov Type        Size  Object(Section)

    BuildAttributes$$THM_ISAv4$E$P$D$K$B$S$7EM$VFPi3$EXTD16$VFPS$VFMA$PE$A:L22UL41UL21$X:L11$S22US41US21$IEEE1$IW$USESV6$~STKCKD$USESV7$~SHL$OTIME$ROPI$IEEEX$EBA8$UX$STANDARDLIB$REQ8$PRES8$EABIv2 0x00000000   Number         0  anon$$obj.o ABSOLUTE
    __ARM_use_no_argv                        0x00000000   Number         0  main.o ABSOLUTE
    _printf_flags                            0x00000000   Number         0  printf_stubs.o ABSOLUTE
    _printf_return_value                     0x00000000   Number         0  printf_stubs.o ABSOLUTE
    _printf_sizespec                         0x00000000   Number         0  printf_stubs.o ABSOLUTE
    _printf_widthprec                        0x00000000   Number         0  printf_stubs.o ABSOLUTE
    __ARM_exceptions_init                     - Undefined Weak Reference
    __alloca_initialize                       - Undefined Weak Reference
    __arm_preinit_                            - Undefined Weak Reference
    __cpp_initialize__aeabi_                  - Undefined Weak Reference
    __cxa_finalize                            - Undefined Weak Reference
    __sigvec_lookup                           - Undefined Weak Reference
    _atexit_init                              - Undefined Weak Reference
    _call_atexit_fns                          - Undefined Weak Reference
    _clock_init                               - Undefined Weak Reference
    _fp_trap_init                             - Undefined Weak Reference
    _fp_trap_shutdown                         - Undefined Weak Reference
    _get_lc_collate                           - Undefined Weak Reference
    _get_lc_ctype                             - Undefined Weak Reference
    _get_lc_monetary                          - Undefined Weak Reference
    _get_lc_time                              - Undefined Weak Reference
    _getenv_init                              - Undefined Weak Reference
    _handle_redirection                       - Undefined Weak Reference
    _init_alloc                               - Undefined Weak Reference
    _init_user_alloc                          - Undefined Weak Reference
    _initio                                   - Undefined Weak Reference
    _printf_truncate_signed                   - Undefined Weak Reference
    _printf_truncate_unsigned                 - Undefined Weak Reference
    _rand_init                                - Undefined Weak Reference
    _signal_finish                            - Undefined Weak Reference
    _signal_init                              - Undefined Weak Reference
    _terminate_alloc                          - Undefined Weak Reference
    _terminate_user_alloc                     - Undefined Weak Reference
    _terminateio                              - Undefined Weak Reference
    __Vectors_Size                           0x00000194   Number         0  startup_stm32f401xc.o ABSOLUTE
    __Vectors                                0x08000000   Data           4  startup_stm32f401xc.o(RESET)
    __Vectors_End                            0x08000194   Data           0  startup_stm32f401xc.o(RESET)
    __main                                   0x08000195   Thumb Code     8  __main.o(!!!main)
    __scatterload                            0x0800019d   Thumb Code     0  __scatter.o(!!!scatter)
    __scatterload_rt2                        0x0800019d   Thumb Code    44  __scatter.o(!!!scatter)
    __scatterload_rt2_thumb_only             0x0800019d   Thumb Code     0  __scatter.o(!!!scatter)
    __scatterload_null                       0x080001ab   Thumb Code     0  __scatter.o(!!!scatter)
    __scatterload_copy                       0x080001d1   Thumb Code    26  __scatter_copy.o(!!handler_copy)
    __scatterload_zeroinit                   0x080001ed   Thumb Code    28  __scatter_zi.o(!!handler_zi)
    _printf_f                                0x08000209   Thumb Code     0  _printf_f.o(.ARM.Collect$$_printf_percent$$00000003)
    _printf_percent                          0x08000209   Thumb Code     0  _printf_percent.o(.ARM.Collect$$_printf_percent$$00000000)
    _printf_d                                0x0800020f   Thumb Code     0  _printf_d.o(.ARM.Collect$$_printf_percent$$00000009)
    _printf_percent_end                      0x08000215   Thumb Code     0  _printf_percent_end.o(.ARM.Collect$$_printf_percent$$00000017)
    __rt_lib_init                            0x08000219   Thumb Code     0  libinit.o(.ARM.Collect$$libinit$$00000000)
    __rt_lib_init_fp_1                       0x0800021b   Thumb Code     0  libinit2.o(.ARM.Collect$$libinit$$00000001)
    __rt_lib_init_heap_1                     0x0800021f   Thumb Code     0  libinit2.o(.ARM.Collect$$libinit$$0000000A)
    __rt_lib_init_lc_common                  0x0800021f   Thumb Code     0  libinit2.o(.ARM.Collect$$libinit$$0000000F)
    __rt_lib_init_preinit_1                  0x0800021f   Thumb Code     0  libinit2.o(.ARM.Collect$$libinit$$00000004)
    __rt_lib_init_rand_1                     0x0800021f   Thumb Code     0  libinit2.o(.ARM.Collect$$libinit$$0000000E)
    __rt_lib_init_user_alloc_1               0x0800021f   Thumb Code     0  libinit2.o(.ARM.Collect$$libinit$$0000000C)
    __rt_lib_init_lc_collate_1               0x08000225   Thumb Code     0  libinit2.o(.ARM.Collect$$libinit$$00000011)
    __rt_lib_init_lc_ctype_1                 0x08000225   Thumb Code     0  libinit2.o(.ARM.Collect$$libinit$$00000013)
    __rt_lib_init_lc_monetary_1              0x08000225   Thumb Code     0  libinit2.o(.ARM.Collect$$libinit$$00000015)
    __rt_lib_init_lc_numeric_2               0x08000225   Thumb Code     0  libinit2.o(.ARM.Collect$$libinit$$00000016)
    __rt_lib_init_alloca_1                   0x0800022f   Thumb Code     0  libinit2.o(.ARM.Collect$$libinit$$0000002E)
    __rt_lib_init_argv_1                     0x0800022f   Thumb Code     0  libinit2.o(.ARM.Collect$$libinit$$0000002C)
    __rt_lib_init_atexit_1                   0x0800022f   Thumb Code     0  libinit2.o(.ARM.Collect$$libinit$$0000001B)
    __rt_lib_init_clock_1                    0x0800022f   Thumb Code     0  libinit2.o(.ARM.Collect$$libinit$$00000021)
    __rt_lib_init_cpp_1                      0x0800022f   Thumb Code     0  libinit2.o(.ARM.Collect$$libinit$$00000032)
    __rt_lib_init_exceptions_1               0x0800022f   Thumb Code     0  libinit2.o(.ARM.Collect$$libinit$$00000030)
    __rt_lib_init_fp_trap_1                  0x0800022f   Thumb Code     0  libinit2.o(.ARM.Collect$$libinit$$0000001F)
    __rt_lib_init_getenv_1                   0x0800022f   Thumb Code     0  libinit2.o(.ARM.Collect$$libinit$$00000023)
    __rt_lib_init_lc_numeric_1               0x0800022f   Thumb Code     0  libinit2.o(.ARM.Collect$$libinit$$00000017)
    __rt_lib_init_lc_time_1                  0x0800022f   Thumb Code     0  libinit2.o(.ARM.Collect$$libinit$$00000019)
    __rt_lib_init_return                     0x0800022f   Thumb Code     0  libinit2.o(.ARM.Collect$$libinit$$00000033)
    __rt_lib_init_signal_1                   0x0800022f   Thumb Code     0  libinit2.o(.ARM.Collect$$libinit$$0000001D)
    __rt_lib_init_stdio_1                    0x0800022f   Thumb Code     0  libinit2.o(.ARM.Collect$$libinit$$00000025)
    __rt_lib_shutdown                        0x08000231   Thumb Code     0  libshutdown.o(.ARM.Collect$$libshutdown$$00000000)
    __rt_lib_shutdown_cpp_1                  0x08000233   Thumb Code     0  libshutdown2.o(.ARM.Collect$$libshutdown$$00000002)
    __rt_lib_shutdown_fp_trap_1              0x08000233   Thumb Code     0  libshutdown2.o(.ARM.Collect$$libshutdown$$00000007)
    __rt_lib_shutdown_heap_1                 0x08000233   Thumb Code     0  libshutdown2.o(.ARM.Collect$$libshutdown$$0000000F)
    __rt_lib_shutdown_return                 0x08000233   Thumb Code     0  libshutdown2.o(.ARM.Collect$$libshutdown$$00000010)
    __rt_lib_shutdown_signal_1               0x08000233   Thumb Code     0  libshutdown2.o(.ARM.Collect$$libshutdown$$0000000A)
    __rt_lib_shutdown_stdio_1                0x08000233   Thumb Code     0  libshutdown2.o(.ARM.Collect$$libshutdown$$00000004)
    __rt_lib_shutdown_user_alloc_1           0x08000233   Thumb Code     0  libshutdown2.o(.ARM.Collect$$libshutdown$$0000000C)
    __rt_entry                               0x08000235   Thumb Code     0  __rtentry.o(.ARM.Collect$$rtentry$$00000000)
    __rt_entry_presh_1                       0x08000235   Thumb Code     0  __rtentry2.o(.ARM.Collect$$rtentry$$00000002)
    __rt_entry_sh                            0x08000235   Thumb Code     0  __rtentry4.o(.ARM.Collect$$rtentry$$00000004)
    __rt_entry_li                            0x0800023b   Thumb Code     0  __rtentry2.o(.ARM.Collect$$rtentry$$0000000A)
    __rt_entry_postsh_1                      0x0800023b   Thumb Code     0  __rtentry2.o(.ARM.Collect$$rtentry$$00000009)
    __rt_entry_main                          0x0800023f   Thumb Code     0  __rtentry2.o(.ARM.Collect$$rtentry$$0000000D)
    __rt_entry_postli_1                      0x0800023f   Thumb Code     0  __rtentry2.o(.ARM.Collect$$rtentry$$0000000C)
    __rt_exit                                0x08000247   Thumb Code     0  rtexit.o(.ARM.Collect$$rtexit$$00000000)
    __rt_exit_ls                             0x08000249   Thumb Code     0  rtexit2.o(.ARM.Collect$$rtexit$$00000003)
    __rt_exit_prels_1                        0x08000249   Thumb Code     0  rtexit2.o(.ARM.Collect$$rtexit$$00000002)
    __rt_exit_exit                           0x0800024d   Thumb Code     0  rtexit2.o(.ARM.Collect$$rtexit$$00000004)
    Reset_Handler                            0x08000255   Thumb Code     8  startup_stm32f401xc.o(.text)
    ADC_IRQHandler                           0x0800026f   Thumb Code     0  startup_stm32f401xc.o(.text)
    DMA1_Stream0_IRQHandler                  0x0800026f   Thumb Code     0  startup_stm32f401xc.o(.text)
    DMA1_Stream1_IRQHandler                  0x0800026f   Thumb Code     0  startup_stm32f401xc.o(.text)
    DMA1_Stream2_IRQHandler                  0x0800026f   Thumb Code     0  startup_stm32f401xc.o(.text)
    DMA1_Stream3_IRQHandler                  0x0800026f   Thumb Code     0  startup_stm32f401xc.o(.text)
    DMA1_Stream4_IRQHandler                  0x0800026f   Thumb Code     0  startup_stm32f401xc.o(.text)
    DMA1_Stream5_IRQHandler                  0x0800026f   Thumb Code     0  startup_stm32f401xc.o(.text)
    DMA1_Stream6_IRQHandler                  0x0800026f   Thumb Code     0  startup_stm32f401xc.o(.text)
    DMA1_Stream7_IRQHandler                  0x0800026f   Thumb Code     0  startup_stm32f401xc.o(.text)
    DMA2_Stream0_IRQHandler                  0x0800026f   Thumb Code     0  startup_stm32f401xc.o(.text)
    DMA2_Stream1_IRQHandler                  0x0800026f   Thumb Code     0  startup_stm32f401xc.o(.text)
    DMA2_Stream3_IRQHandler                  0x0800026f   Thumb Code     0  startup_stm32f401xc.o(.text)
    DMA2_Stream4_IRQHandler                  0x0800026f   Thumb Code     0  startup_stm32f401xc.o(.text)
    DMA2_Stream5_IRQHandler                  0x0800026f   Thumb Code     0  startup_stm32f401xc.o(.text)
    DMA2_Stream6_IRQHandler                  0x0800026f   Thumb Code     0  startup_stm32f401xc.o(.text)
    EXTI0_IRQHandler                         0x0800026f   Thumb Code     0  startup_stm32f401xc.o(.text)
    EXTI15_10_IRQHandler                     0x0800026f   Thumb Code     0  startup_stm32f401xc.o(.text)
    EXTI1_IRQHandler                         0x0800026f   Thumb Code     0  startup_stm32f401xc.o(.text)
    EXTI2_IRQHandler                         0x0800026f   Thumb Code     0  startup_stm32f401xc.o(.text)
    EXTI3_IRQHandler                         0x0800026f   Thumb Code     0  startup_stm32f401xc.o(.text)
    EXTI4_IRQHandler                         0x0800026f   Thumb Code     0  startup_stm32f401xc.o(.text)
    EXTI9_5_IRQHandler                       0x0800026f   Thumb Code     0  startup_stm32f401xc.o(.text)
    FLASH_IRQHandler                         0x0800026f   Thumb Code     0  startup_stm32f401xc.o(.text)
    FPU_IRQHandler                           0x0800026f   Thumb Code     0  startup_stm32f401xc.o(.text)
    I2C1_ER_IRQHandler                       0x0800026f   Thumb Code     0  startup_stm32f401xc.o(.text)
    I2C1_EV_IRQHandler                       0x0800026f   Thumb Code     0  startup_stm32f401xc.o(.text)
    I2C2_ER_IRQHandler                       0x0800026f   Thumb Code     0  startup_stm32f401xc.o(.text)
    I2C2_EV_IRQHandler                       0x0800026f   Thumb Code     0  startup_stm32f401xc.o(.text)
    I2C3_ER_IRQHandler                       0x0800026f   Thumb Code     0  startup_stm32f401xc.o(.text)
    I2C3_EV_IRQHandler                       0x0800026f   Thumb Code     0  startup_stm32f401xc.o(.text)
    OTG_FS_IRQHandler                        0x0800026f   Thumb Code     0  startup_stm32f401xc.o(.text)
    OTG_FS_WKUP_IRQHandler                   0x0800026f   Thumb Code     0  startup_stm32f401xc.o(.text)
    PVD_IRQHandler                           0x0800026f   Thumb Code     0  startup_stm32f401xc.o(.text)
    RCC_IRQHandler                           0x0800026f   Thumb Code     0  startup_stm32f401xc.o(.text)
    RTC_Alarm_IRQHandler                     0x0800026f   Thumb Code     0  startup_stm32f401xc.o(.text)
    RTC_WKUP_IRQHandler                      0x0800026f   Thumb Code     0  startup_stm32f401xc.o(.text)
    SDIO_IRQHandler                          0x0800026f   Thumb Code     0  startup_stm32f401xc.o(.text)
    SPI1_IRQHandler                          0x0800026f   Thumb Code     0  startup_stm32f401xc.o(.text)
    SPI2_IRQHandler                          0x0800026f   Thumb Code     0  startup_stm32f401xc.o(.text)
    SPI3_IRQHandler                          0x0800026f   Thumb Code     0  startup_stm32f401xc.o(.text)
    SPI4_IRQHandler                          0x0800026f   Thumb Code     0  startup_stm32f401xc.o(.text)
    TAMP_STAMP_IRQHandler                    0x0800026f   Thumb Code     0  startup_stm32f401xc.o(.text)
    TIM1_BRK_TIM9_IRQHandler                 0x0800026f   Thumb Code     0  startup_stm32f401xc.o(.text)
    TIM1_CC_IRQHandler                       0x0800026f   Thumb Code     0  startup_stm32f401xc.o(.text)
    TIM1_TRG_COM_TIM11_IRQHandler            0x0800026f   Thumb Code     0  startup_stm32f401xc.o(.text)
    TIM1_UP_TIM10_IRQHandler                 0x0800026f   Thumb Code     0  startup_stm32f401xc.o(.text)
    TIM2_IRQHandler                          0x0800026f   Thumb Code     0  startup_stm32f401xc.o(.text)
    TIM3_IRQHandler                          0x0800026f   Thumb Code     0  startup_stm32f401xc.o(.text)
    TIM4_IRQHandler                          0x0800026f   Thumb Code     0  startup_stm32f401xc.o(.text)
    TIM5_IRQHandler                          0x0800026f   Thumb Code     0  startup_stm32f401xc.o(.text)
    USART1_IRQHandler                        0x0800026f   Thumb Code     0  startup_stm32f401xc.o(.text)
    USART2_IRQHandler                        0x0800026f   Thumb Code     0  startup_stm32f401xc.o(.text)
    USART6_IRQHandler                        0x0800026f   Thumb Code     0  startup_stm32f401xc.o(.text)
    WWDG_IRQHandler                          0x0800026f   Thumb Code     0  startup_stm32f401xc.o(.text)
    __user_initial_stackheap                 0x08000271   Thumb Code     0  startup_stm32f401xc.o(.text)
    __aeabi_uldivmod                         0x08000295   Thumb Code     0  lludivv7m.o(.text)
    _ll_udiv                                 0x08000295   Thumb Code   238  lludivv7m.o(.text)
    __2sprintf                               0x08000385   Thumb Code    34  noretval__2sprintf.o(.text)
    _printf_pre_padding                      0x080003ad   Thumb Code    44  _printf_pad.o(.text)
    _printf_post_padding                     0x080003d9   Thumb Code    34  _printf_pad.o(.text)
    _printf_int_dec                          0x080003fd   Thumb Code   104  _printf_dec.o(.text)
    __printf                                 0x08000475   Thumb Code   308  __printf_flags_wp.o(.text)
    __aeabi_memclr4                          0x080005ad   Thumb Code     0  rt_memclr_w.o(.text)
    __aeabi_memclr8                          0x080005ad   Thumb Code     0  rt_memclr_w.o(.text)
    __rt_memclr_w                            0x080005ad   Thumb Code    78  rt_memclr_w.o(.text)
    _memset_w                                0x080005b1   Thumb Code     0  rt_memclr_w.o(.text)
    __use_two_region_memory                  0x080005fb   Thumb Code     2  heapauxi.o(.text)
    __rt_heap_escrow$2region                 0x080005fd   Thumb Code     2  heapauxi.o(.text)
    __rt_heap_expand$2region                 0x080005ff   Thumb Code     2  heapauxi.o(.text)
    _printf_int_common                       0x08000601   Thumb Code   178  _printf_intcommon.o(.text)
    __lib_sel_fp_printf                      0x080006b3   Thumb Code     2  _printf_fp_dec.o(.text)
    _printf_fp_dec_real                      0x08000865   Thumb Code   620  _printf_fp_dec.o(.text)
    _printf_char_common                      0x08000adb   Thumb Code    32  _printf_char_common.o(.text)
    _sputc                                   0x08000b01   Thumb Code    10  _sputc.o(.text)
    __rt_locale                              0x08000b0d   Thumb Code     8  rt_locale_intlibspace.o(.text)
    _ll_udiv10                               0x08000b15   Thumb Code   138  lludiv10.o(.text)
    _printf_fp_infnan                        0x08000ba1   Thumb Code   112  _printf_fp_infnan.o(.text)
    _btod_etento                             0x08000c21   Thumb Code   224  bigflt0.o(.text)
    __user_libspace                          0x08000d05   Thumb Code     8  libspace.o(.text)
    __user_perproc_libspace                  0x08000d05   Thumb Code     0  libspace.o(.text)
    __user_perthread_libspace                0x08000d05   Thumb Code     0  libspace.o(.text)
    __user_setup_stackheap                   0x08000d0d   Thumb Code    74  sys_stackheap_outer.o(.text)
    exit                                     0x08000d57   Thumb Code    18  exit.o(.text)
    strcmp                                   0x08000d69   Thumb Code   128  strcmpv7m.o(.text)
    _sys_exit                                0x08000de9   Thumb Code     8  sys_exit.o(.text)
    __I$use$semihosting                      0x08000df5   Thumb Code     0  use_no_semi.o(.text)
    __use_no_semihosting_swi                 0x08000df5   Thumb Code     2  use_no_semi.o(.text)
    __semihosting_library_function           0x08000df7   Thumb Code     0  indicate_semi.o(.text)
    _btod_d2e                                0x08000df7   Thumb Code    62  btod.o(CL$$btod_d2e)
    _d2e_denorm_low                          0x08000e35   Thumb Code    70  btod.o(CL$$btod_d2e_denorm_low)
    _d2e_norm_op1                            0x08000e7b   Thumb Code    96  btod.o(CL$$btod_d2e_norm_op1)
    __btod_div_common                        0x08000edb   Thumb Code   696  btod.o(CL$$btod_div_common)
    _e2e                                     0x08001213   Thumb Code   220  btod.o(CL$$btod_e2e)
    _btod_ediv                               0x080012ef   Thumb Code    42  btod.o(CL$$btod_ediv)
    _btod_emul                               0x08001319   Thumb Code    42  btod.o(CL$$btod_emul)
    __btod_mult_common                       0x08001343   Thumb Code   580  btod.o(CL$$btod_mult_common)
    BusFault_Handler                         0x08001587   Thumb Code     2  stm32f4xx_it.o(i.BusFault_Handler)
    DMA2_Stream2_IRQHandler                  0x08001589   Thumb Code     6  stm32f4xx_it.o(i.DMA2_Stream2_IRQHandler)
    DMA2_Stream7_IRQHandler                  0x08001595   Thumb Code     6  stm32f4xx_it.o(i.DMA2_Stream7_IRQHandler)
    DebugMon_Handler                         0x0800161d   Thumb Code     2  stm32f4xx_it.o(i.DebugMon_Handler)
    Error_Handler                            0x0800161f   Thumb Code     4  main.o(i.Error_Handler)
    HAL_CRC_Init                             0x08001623   Thumb Code    34  stm32f4xx_hal_crc.o(i.HAL_CRC_Init)
    HAL_CRC_MspInit                          0x08001645   Thumb Code    30  stm32f4xx_hal_msp.o(i.HAL_CRC_MspInit)
    HAL_DMA_IRQHandler                       0x0800166d   Thumb Code   412  stm32f4xx_hal_dma.o(i.HAL_DMA_IRQHandler)
    HAL_DMA_Init                             0x0800180d   Thumb Code   206  stm32f4xx_hal_dma.o(i.HAL_DMA_Init)
    HAL_Delay                                0x080018e1   Thumb Code    32  stm32f4xx_hal.o(i.HAL_Delay)
    HAL_GPIO_Init                            0x08001905   Thumb Code   444  stm32f4xx_hal_gpio.o(i.HAL_GPIO_Init)
    HAL_GPIO_WritePin                        0x08001ae1   Thumb Code    10  stm32f4xx_hal_gpio.o(i.HAL_GPIO_WritePin)
    HAL_GetTick                              0x08001aed   Thumb Code     6  stm32f4xx_hal.o(i.HAL_GetTick)
    HAL_I2C_Init                             0x08001af9   Thumb Code   376  stm32f4xx_hal_i2c.o(i.HAL_I2C_Init)
    HAL_I2C_IsDeviceReady                    0x08001c81   Thumb Code   354  stm32f4xx_hal_i2c.o(i.HAL_I2C_IsDeviceReady)
    HAL_I2C_Mem_Read                         0x08001ded   Thumb Code   490  stm32f4xx_hal_i2c.o(i.HAL_I2C_Mem_Read)
    HAL_I2C_Mem_Write                        0x08001fe5   Thumb Code   294  stm32f4xx_hal_i2c.o(i.HAL_I2C_Mem_Write)
    HAL_I2C_MspInit                          0x08002115   Thumb Code    92  stm32f4xx_hal_msp.o(i.HAL_I2C_MspInit)
    HAL_IncTick                              0x0800217d   Thumb Code    12  stm32f4xx_hal.o(i.HAL_IncTick)
    HAL_Init                                 0x0800218d   Thumb Code    48  stm32f4xx_hal.o(i.HAL_Init)
    HAL_InitTick                             0x080021c1   Thumb Code    54  stm32f4xx_hal.o(i.HAL_InitTick)
    HAL_MspInit                              0x08002201   Thumb Code    42  stm32f4xx_hal_msp.o(i.HAL_MspInit)
    HAL_NVIC_EnableIRQ                       0x08002231   Thumb Code    26  stm32f4xx_hal_cortex.o(i.HAL_NVIC_EnableIRQ)
    HAL_NVIC_SetPriority                     0x0800224d   Thumb Code    60  stm32f4xx_hal_cortex.o(i.HAL_NVIC_SetPriority)
    HAL_NVIC_SetPriorityGrouping             0x0800228d   Thumb Code    26  stm32f4xx_hal_cortex.o(i.HAL_NVIC_SetPriorityGrouping)
    HAL_RCC_ClockConfig                      0x080022b1   Thumb Code   288  stm32f4xx_hal_rcc.o(i.HAL_RCC_ClockConfig)
    HAL_RCC_GetPCLK1Freq                     0x080023e5   Thumb Code    20  stm32f4xx_hal_rcc.o(i.HAL_RCC_GetPCLK1Freq)
    HAL_RCC_GetPCLK2Freq                     0x08002405   Thumb Code    20  stm32f4xx_hal_rcc.o(i.HAL_RCC_GetPCLK2Freq)
    HAL_RCC_GetSysClockFreq                  0x08002425   Thumb Code    88  stm32f4xx_hal_rcc.o(i.HAL_RCC_GetSysClockFreq)
    HAL_RCC_OscConfig                        0x08002489   Thumb Code   856  stm32f4xx_hal_rcc.o(i.HAL_RCC_OscConfig)
    HAL_SPI_Init                             0x080027f5   Thumb Code   188  stm32f4xx_hal_spi.o(i.HAL_SPI_Init)
    HAL_SPI_MspInit                          0x080028b1   Thumb Code    92  stm32f4xx_hal_msp.o(i.HAL_SPI_MspInit)
    HAL_SYSTICK_Config                       0x08002919   Thumb Code    40  stm32f4xx_hal_cortex.o(i.HAL_SYSTICK_Config)
    HAL_UART_Init                            0x08002941   Thumb Code    98  stm32f4xx_hal_uart.o(i.HAL_UART_Init)
    HAL_UART_MspInit                         0x080029a5   Thumb Code   194  stm32f4xx_hal_msp.o(i.HAL_UART_MspInit)
    HAL_UART_Transmit                        0x08002a81   Thumb Code   178  stm32f4xx_hal_uart.o(i.HAL_UART_Transmit)
    HardFault_Handler                        0x08002b33   Thumb Code     2  stm32f4xx_it.o(i.HardFault_Handler)
    Init_MPU9250_New                         0x08002f05   Thumb Code  1060  mpu9250mkm.o(i.Init_MPU9250_New)
    MemManage_Handler                        0x08003469   Thumb Code     2  stm32f4xx_it.o(i.MemManage_Handler)
    NMI_Handler                              0x0800346b   Thumb Code     2  stm32f4xx_it.o(i.NMI_Handler)
    PendSV_Handler                           0x0800346d   Thumb Code     2  stm32f4xx_it.o(i.PendSV_Handler)
    Read_MPU_Reg                             0x08003471   Thumb Code    50  mpu9250mkm.o(i.Read_MPU_Reg)
    Read_MPU_Regs                            0x080034a9   Thumb Code    46  mpu9250mkm.o(i.Read_MPU_Regs)
    SVC_Handler                              0x080034dd   Thumb Code     2  stm32f4xx_it.o(i.SVC_Handler)
    SysTick_Handler                          0x080034df   Thumb Code     4  stm32f4xx_it.o(i.SysTick_Handler)
    SystemClock_Config                       0x080034e5   Thumb Code   140  main.o(i.SystemClock_Config)
    SystemInit                               0x08003579   Thumb Code    12  system_stm32f4xx.o(i.SystemInit)
    UsageFault_Handler                       0x080036f9   Thumb Code     2  stm32f4xx_it.o(i.UsageFault_Handler)
    Visualize_MPU9250_Data                   0x080036fd   Thumb Code   730  main.o(i.Visualize_MPU9250_Data)
    Write_AK8963_Reg                         0x08003a15   Thumb Code    48  mpu9250mkm.o(i.Write_AK8963_Reg)
    Write_MPU_Reg                            0x08003a49   Thumb Code    48  mpu9250mkm.o(i.Write_MPU_Reg)
    __ARM_fpclassify                         0x08003a7d   Thumb Code    48  fpclassify.o(i.__ARM_fpclassify)
    _is_digit                                0x08003acd   Thumb Code    14  __printf_wp.o(i._is_digit)
    main                                     0x08003add   Thumb Code   168  main.o(i.main)
    _get_lc_numeric                          0x08003ba1   Thumb Code    44  lc_numeric_c.o(locale$$code)
    __aeabi_d2f                              0x08003bcd   Thumb Code     0  d2f.o(x$fpl$d2f)
    _d2f                                     0x08003bcd   Thumb Code    98  d2f.o(x$fpl$d2f)
    __aeabi_dadd                             0x08003c31   Thumb Code     0  daddsub_clz.o(x$fpl$dadd)
    _dadd                                    0x08003c31   Thumb Code   332  daddsub_clz.o(x$fpl$dadd)
    __aeabi_i2d                              0x08003d81   Thumb Code     0  dflt_clz.o(x$fpl$dflt)
    _dflt                                    0x08003d81   Thumb Code    46  dflt_clz.o(x$fpl$dflt)
    __aeabi_dmul                             0x08003db1   Thumb Code     0  dmul.o(x$fpl$dmul)
    _dmul                                    0x08003db1   Thumb Code   332  dmul.o(x$fpl$dmul)
    __fpl_dnaninf                            0x08003f05   Thumb Code   156  dnaninf.o(x$fpl$dnaninf)
    __fpl_dretinf                            0x08003fa1   Thumb Code    12  dretinf.o(x$fpl$dretinf)
    __aeabi_drsub                            0x08003fad   Thumb Code     0  daddsub_clz.o(x$fpl$drsb)
    _drsb                                    0x08003fad   Thumb Code    22  daddsub_clz.o(x$fpl$drsb)
    __aeabi_dsub                             0x08003fc5   Thumb Code     0  daddsub_clz.o(x$fpl$dsub)
    _dsub                                    0x08003fc5   Thumb Code   464  daddsub_clz.o(x$fpl$dsub)
    __aeabi_f2d                              0x08004199   Thumb Code     0  f2d.o(x$fpl$f2d)
    _f2d                                     0x08004199   Thumb Code    86  f2d.o(x$fpl$f2d)
    __fpl_fnaninf                            0x080041ef   Thumb Code   140  fnaninf.o(x$fpl$fnaninf)
    _fp_init                                 0x0800427b   Thumb Code    10  fpinit.o(x$fpl$fpinit)
    __fplib_config_fpu_vfp                   0x08004283   Thumb Code     0  fpinit.o(x$fpl$fpinit)
    __fplib_config_pureend_doubles           0x08004283   Thumb Code     0  fpinit.o(x$fpl$fpinit)
    __fpl_fretinf                            0x08004285   Thumb Code    10  fretinf.o(x$fpl$fretinf)
    _printf_fp_dec                           0x0800428f   Thumb Code     4  printf1.o(x$fpl$printf1)
    __I$use$fp                               0x08004292   Number         0  usenofp.o(x$fpl$usenofp)
    AHBPrescTable                            0x0800429a   Data          16  system_stm32f4xx.o(.constdata)
    APBPrescTable                            0x080042aa   Data           8  system_stm32f4xx.o(.constdata)
    Region$$Table$$Base                      0x08004358   Number         0  anon$$obj.o(Region$$Table)
    Region$$Table$$Limit                     0x08004378   Number         0  anon$$obj.o(Region$$Table)
    Ascale                                   0x20000000   Data           1  mpu9250mkm.o(.data)
    Gscale                                   0x20000001   Data           1  mpu9250mkm.o(.data)
    Mscale                                   0x20000002   Data           1  mpu9250mkm.o(.data)
    Mmode                                    0x20000003   Data           1  mpu9250mkm.o(.data)
    comportflag                              0x20000008   Data           1  main.o(.data)
    screenflag                               0x20000009   Data           1  main.o(.data)
    offsetmx                                 0x2000000c   Data           4  main.o(.data)
    offsetmy                                 0x20000010   Data           4  main.o(.data)
    offsetmz                                 0x20000014   Data           4  main.o(.data)
    offsetax                                 0x20000018   Data           4  main.o(.data)
    offsetay                                 0x2000001c   Data           4  main.o(.data)
    offsetaz                                 0x20000020   Data           4  main.o(.data)
    A                                        0x20000024   Data           4  main.o(.data)
    hcrc                                     0x20000028   Data           8  main.o(.data)
    P                                        0x20000030   Data           8  main.o(.data)
    T                                        0x20000038   Data           8  main.o(.data)
    uwTickFreq                               0x20000040   Data           1  stm32f4xx_hal.o(.data)
    uwTickPrio                               0x20000044   Data           4  stm32f4xx_hal.o(.data)
    uwTick                                   0x20000048   Data           4  stm32f4xx_hal.o(.data)
    SystemCoreClock                          0x2000004c   Data           4  system_stm32f4xx.o(.data)
    hi2c1                                    0x20000050   Data          84  main.o(.bss)
    hspi1                                    0x200000a4   Data          88  main.o(.bss)
    huart1                                   0x200000fc   Data          68  main.o(.bss)
    compsensordata                           0x20000140   Data          40  main.o(.bss)
    dev                                      0x20000168   Data          64  main.o(.bss)
    mpuimu                                   0x200001a8   Data          40  main.o(.bss)
    hdma_usart1_rx                           0x200001d0   Data          96  main.o(.bss)
    hdma_usart1_tx                           0x20000230   Data          96  main.o(.bss)
    __libspace_start                         0x20000290   Data          96  libspace.o(.bss)
    __temporary_stack_top$libspace           0x200002f0   Data           0  libspace.o(.bss)



==============================================================================

Memory Map of the image

  Image Entry point : 0x08000195

  Load Region LR_IROM1 (Base: 0x08000000, Size: 0x000043e4, Max: 0x00040000, ABSOLUTE)

    Execution Region ER_IROM1 (Exec base: 0x08000000, Load base: 0x08000000, Size: 0x00004394, Max: 0x00040000, ABSOLUTE)

    Exec Addr    Load Addr    Size         Type   Attr      Idx    E Section Name        Object

    0x08000000   0x08000000   0x00000194   Data   RO            3    RESET               startup_stm32f401xc.o
    0x08000194   0x08000194   0x00000008   Code   RO         4236  * !!!main             c_w.l(__main.o)
    0x0800019c   0x0800019c   0x00000034   Code   RO         4612    !!!scatter          c_w.l(__scatter.o)
    0x080001d0   0x080001d0   0x0000001a   Code   RO         4614    !!handler_copy      c_w.l(__scatter_copy.o)
    0x080001ea   0x080001ea   0x00000002   PAD
    0x080001ec   0x080001ec   0x0000001c   Code   RO         4616    !!handler_zi        c_w.l(__scatter_zi.o)
    0x08000208   0x08000208   0x00000000   Code   RO         4225    .ARM.Collect$$_printf_percent$$00000000  c_w.l(_printf_percent.o)
    0x08000208   0x08000208   0x00000006   Code   RO         4223    .ARM.Collect$$_printf_percent$$00000003  c_w.l(_printf_f.o)
    0x0800020e   0x0800020e   0x00000006   Code   RO         4222    .ARM.Collect$$_printf_percent$$00000009  c_w.l(_printf_d.o)
    0x08000214   0x08000214   0x00000004   Code   RO         4339    .ARM.Collect$$_printf_percent$$00000017  c_w.l(_printf_percent_end.o)
    0x08000218   0x08000218   0x00000002   Code   RO         4481    .ARM.Collect$$libinit$$00000000  c_w.l(libinit.o)
    0x0800021a   0x0800021a   0x00000004   Code   RO         4482    .ARM.Collect$$libinit$$00000001  c_w.l(libinit2.o)
    0x0800021e   0x0800021e   0x00000000   Code   RO         4485    .ARM.Collect$$libinit$$00000004  c_w.l(libinit2.o)
    0x0800021e   0x0800021e   0x00000000   Code   RO         4488    .ARM.Collect$$libinit$$0000000A  c_w.l(libinit2.o)
    0x0800021e   0x0800021e   0x00000000   Code   RO         4490    .ARM.Collect$$libinit$$0000000C  c_w.l(libinit2.o)
    0x0800021e   0x0800021e   0x00000000   Code   RO         4492    .ARM.Collect$$libinit$$0000000E  c_w.l(libinit2.o)
    0x0800021e   0x0800021e   0x00000006   Code   RO         4493    .ARM.Collect$$libinit$$0000000F  c_w.l(libinit2.o)
    0x08000224   0x08000224   0x00000000   Code   RO         4495    .ARM.Collect$$libinit$$00000011  c_w.l(libinit2.o)
    0x08000224   0x08000224   0x00000000   Code   RO         4497    .ARM.Collect$$libinit$$00000013  c_w.l(libinit2.o)
    0x08000224   0x08000224   0x00000000   Code   RO         4499    .ARM.Collect$$libinit$$00000015  c_w.l(libinit2.o)
    0x08000224   0x08000224   0x0000000a   Code   RO         4500    .ARM.Collect$$libinit$$00000016  c_w.l(libinit2.o)
    0x0800022e   0x0800022e   0x00000000   Code   RO         4501    .ARM.Collect$$libinit$$00000017  c_w.l(libinit2.o)
    0x0800022e   0x0800022e   0x00000000   Code   RO         4503    .ARM.Collect$$libinit$$00000019  c_w.l(libinit2.o)
    0x0800022e   0x0800022e   0x00000000   Code   RO         4505    .ARM.Collect$$libinit$$0000001B  c_w.l(libinit2.o)
    0x0800022e   0x0800022e   0x00000000   Code   RO         4507    .ARM.Collect$$libinit$$0000001D  c_w.l(libinit2.o)
    0x0800022e   0x0800022e   0x00000000   Code   RO         4509    .ARM.Collect$$libinit$$0000001F  c_w.l(libinit2.o)
    0x0800022e   0x0800022e   0x00000000   Code   RO         4511    .ARM.Collect$$libinit$$00000021  c_w.l(libinit2.o)
    0x0800022e   0x0800022e   0x00000000   Code   RO         4513    .ARM.Collect$$libinit$$00000023  c_w.l(libinit2.o)
    0x0800022e   0x0800022e   0x00000000   Code   RO         4515    .ARM.Collect$$libinit$$00000025  c_w.l(libinit2.o)
    0x0800022e   0x0800022e   0x00000000   Code   RO         4519    .ARM.Collect$$libinit$$0000002C  c_w.l(libinit2.o)
    0x0800022e   0x0800022e   0x00000000   Code   RO         4521    .ARM.Collect$$libinit$$0000002E  c_w.l(libinit2.o)
    0x0800022e   0x0800022e   0x00000000   Code   RO         4523    .ARM.Collect$$libinit$$00000030  c_w.l(libinit2.o)
    0x0800022e   0x0800022e   0x00000000   Code   RO         4525    .ARM.Collect$$libinit$$00000032  c_w.l(libinit2.o)
    0x0800022e   0x0800022e   0x00000002   Code   RO         4526    .ARM.Collect$$libinit$$00000033  c_w.l(libinit2.o)
    0x08000230   0x08000230   0x00000002   Code   RO         4577    .ARM.Collect$$libshutdown$$00000000  c_w.l(libshutdown.o)
    0x08000232   0x08000232   0x00000000   Code   RO         4595    .ARM.Collect$$libshutdown$$00000002  c_w.l(libshutdown2.o)
    0x08000232   0x08000232   0x00000000   Code   RO         4597    .ARM.Collect$$libshutdown$$00000004  c_w.l(libshutdown2.o)
    0x08000232   0x08000232   0x00000000   Code   RO         4600    .ARM.Collect$$libshutdown$$00000007  c_w.l(libshutdown2.o)
    0x08000232   0x08000232   0x00000000   Code   RO         4603    .ARM.Collect$$libshutdown$$0000000A  c_w.l(libshutdown2.o)
    0x08000232   0x08000232   0x00000000   Code   RO         4605    .ARM.Collect$$libshutdown$$0000000C  c_w.l(libshutdown2.o)
    0x08000232   0x08000232   0x00000000   Code   RO         4608    .ARM.Collect$$libshutdown$$0000000F  c_w.l(libshutdown2.o)
    0x08000232   0x08000232   0x00000002   Code   RO         4609    .ARM.Collect$$libshutdown$$00000010  c_w.l(libshutdown2.o)
    0x08000234   0x08000234   0x00000000   Code   RO         4324    .ARM.Collect$$rtentry$$00000000  c_w.l(__rtentry.o)
    0x08000234   0x08000234   0x00000000   Code   RO         4399    .ARM.Collect$$rtentry$$00000002  c_w.l(__rtentry2.o)
    0x08000234   0x08000234   0x00000006   Code   RO         4411    .ARM.Collect$$rtentry$$00000004  c_w.l(__rtentry4.o)
    0x0800023a   0x0800023a   0x00000000   Code   RO         4401    .ARM.Collect$$rtentry$$00000009  c_w.l(__rtentry2.o)
    0x0800023a   0x0800023a   0x00000004   Code   RO         4402    .ARM.Collect$$rtentry$$0000000A  c_w.l(__rtentry2.o)
    0x0800023e   0x0800023e   0x00000000   Code   RO         4404    .ARM.Collect$$rtentry$$0000000C  c_w.l(__rtentry2.o)
    0x0800023e   0x0800023e   0x00000008   Code   RO         4405    .ARM.Collect$$rtentry$$0000000D  c_w.l(__rtentry2.o)
    0x08000246   0x08000246   0x00000002   Code   RO         4529    .ARM.Collect$$rtexit$$00000000  c_w.l(rtexit.o)
    0x08000248   0x08000248   0x00000000   Code   RO         4546    .ARM.Collect$$rtexit$$00000002  c_w.l(rtexit2.o)
    0x08000248   0x08000248   0x00000004   Code   RO         4547    .ARM.Collect$$rtexit$$00000003  c_w.l(rtexit2.o)
    0x0800024c   0x0800024c   0x00000006   Code   RO         4548    .ARM.Collect$$rtexit$$00000004  c_w.l(rtexit2.o)
    0x08000252   0x08000252   0x00000002   PAD
    0x08000254   0x08000254   0x00000040   Code   RO            4    .text               startup_stm32f401xc.o
    0x08000294   0x08000294   0x000000ee   Code   RO         4190    .text               c_w.l(lludivv7m.o)
    0x08000382   0x08000382   0x00000002   PAD
    0x08000384   0x08000384   0x00000028   Code   RO         4194    .text               c_w.l(noretval__2sprintf.o)
    0x080003ac   0x080003ac   0x0000004e   Code   RO         4198    .text               c_w.l(_printf_pad.o)
    0x080003fa   0x080003fa   0x00000002   PAD
    0x080003fc   0x080003fc   0x00000078   Code   RO         4200    .text               c_w.l(_printf_dec.o)
    0x08000474   0x08000474   0x00000138   Code   RO         4214    .text               c_w.l(__printf_flags_wp.o)
    0x080005ac   0x080005ac   0x0000004e   Code   RO         4232    .text               c_w.l(rt_memclr_w.o)
    0x080005fa   0x080005fa   0x00000006   Code   RO         4234    .text               c_w.l(heapauxi.o)
    0x08000600   0x08000600   0x000000b2   Code   RO         4331    .text               c_w.l(_printf_intcommon.o)
    0x080006b2   0x080006b2   0x0000041e   Code   RO         4333    .text               c_w.l(_printf_fp_dec.o)
    0x08000ad0   0x08000ad0   0x00000030   Code   RO         4335    .text               c_w.l(_printf_char_common.o)
    0x08000b00   0x08000b00   0x0000000a   Code   RO         4337    .text               c_w.l(_sputc.o)
    0x08000b0a   0x08000b0a   0x00000002   PAD
    0x08000b0c   0x08000b0c   0x00000008   Code   RO         4418    .text               c_w.l(rt_locale_intlibspace.o)
    0x08000b14   0x08000b14   0x0000008a   Code   RO         4425    .text               c_w.l(lludiv10.o)
    0x08000b9e   0x08000b9e   0x00000002   PAD
    0x08000ba0   0x08000ba0   0x00000080   Code   RO         4427    .text               c_w.l(_printf_fp_infnan.o)
    0x08000c20   0x08000c20   0x000000e4   Code   RO         4431    .text               c_w.l(bigflt0.o)
    0x08000d04   0x08000d04   0x00000008   Code   RO         4463    .text               c_w.l(libspace.o)
    0x08000d0c   0x08000d0c   0x0000004a   Code   RO         4466    .text               c_w.l(sys_stackheap_outer.o)
    0x08000d56   0x08000d56   0x00000012   Code   RO         4468    .text               c_w.l(exit.o)
    0x08000d68   0x08000d68   0x00000080   Code   RO         4474    .text               c_w.l(strcmpv7m.o)
    0x08000de8   0x08000de8   0x0000000c   Code   RO         4543    .text               c_w.l(sys_exit.o)
    0x08000df4   0x08000df4   0x00000002   Code   RO         4564    .text               c_w.l(use_no_semi.o)
    0x08000df6   0x08000df6   0x00000000   Code   RO         4566    .text               c_w.l(indicate_semi.o)
    0x08000df6   0x08000df6   0x0000003e   Code   RO         4434    CL$$btod_d2e        c_w.l(btod.o)
    0x08000e34   0x08000e34   0x00000046   Code   RO         4436    CL$$btod_d2e_denorm_low  c_w.l(btod.o)
    0x08000e7a   0x08000e7a   0x00000060   Code   RO         4435    CL$$btod_d2e_norm_op1  c_w.l(btod.o)
    0x08000eda   0x08000eda   0x00000338   Code   RO         4444    CL$$btod_div_common  c_w.l(btod.o)
    0x08001212   0x08001212   0x000000dc   Code   RO         4441    CL$$btod_e2e        c_w.l(btod.o)
    0x080012ee   0x080012ee   0x0000002a   Code   RO         4438    CL$$btod_ediv       c_w.l(btod.o)
    0x08001318   0x08001318   0x0000002a   Code   RO         4437    CL$$btod_emul       c_w.l(btod.o)
    0x08001342   0x08001342   0x00000244   Code   RO         4443    CL$$btod_mult_common  c_w.l(btod.o)
    0x08001586   0x08001586   0x00000002   Code   RO         1580    i.BusFault_Handler  stm32f4xx_it.o
    0x08001588   0x08001588   0x0000000c   Code   RO         1581    i.DMA2_Stream2_IRQHandler  stm32f4xx_it.o
    0x08001594   0x08001594   0x0000000c   Code   RO         1582    i.DMA2_Stream7_IRQHandler  stm32f4xx_it.o
    0x080015a0   0x080015a0   0x00000028   Code   RO         2284    i.DMA_CalcBaseAndBitshift  stm32f4xx_hal_dma.o
    0x080015c8   0x080015c8   0x00000054   Code   RO         2285    i.DMA_CheckFifoParam  stm32f4xx_hal_dma.o
    0x0800161c   0x0800161c   0x00000002   Code   RO         1583    i.DebugMon_Handler  stm32f4xx_it.o
    0x0800161e   0x0800161e   0x00000004   Code   RO         1386    i.Error_Handler     main.o
    0x08001622   0x08001622   0x00000022   Code   RO         1745    i.HAL_CRC_Init      stm32f4xx_hal_crc.o
    0x08001644   0x08001644   0x00000028   Code   RO         1669    i.HAL_CRC_MspInit   stm32f4xx_hal_msp.o
    0x0800166c   0x0800166c   0x000001a0   Code   RO         2292    i.HAL_DMA_IRQHandler  stm32f4xx_hal_dma.o
    0x0800180c   0x0800180c   0x000000d4   Code   RO         2293    i.HAL_DMA_Init      stm32f4xx_hal_dma.o
    0x080018e0   0x080018e0   0x00000024   Code   RO         2730    i.HAL_Delay         stm32f4xx_hal.o
    0x08001904   0x08001904   0x000001dc   Code   RO         2180    i.HAL_GPIO_Init     stm32f4xx_hal_gpio.o
    0x08001ae0   0x08001ae0   0x0000000a   Code   RO         2184    i.HAL_GPIO_WritePin  stm32f4xx_hal_gpio.o
    0x08001aea   0x08001aea   0x00000002   PAD
    0x08001aec   0x08001aec   0x0000000c   Code   RO         2736    i.HAL_GetTick       stm32f4xx_hal.o
    0x08001af8   0x08001af8   0x00000188   Code   RO         2992    i.HAL_I2C_Init      stm32f4xx_hal_i2c.o
    0x08001c80   0x08001c80   0x0000016c   Code   RO         2993    i.HAL_I2C_IsDeviceReady  stm32f4xx_hal_i2c.o
    0x08001dec   0x08001dec   0x000001f8   Code   RO         3010    i.HAL_I2C_Mem_Read  stm32f4xx_hal_i2c.o
    0x08001fe4   0x08001fe4   0x00000130   Code   RO         3013    i.HAL_I2C_Mem_Write  stm32f4xx_hal_i2c.o
    0x08002114   0x08002114   0x00000068   Code   RO         1671    i.HAL_I2C_MspInit   stm32f4xx_hal_msp.o
    0x0800217c   0x0800217c   0x00000010   Code   RO         2742    i.HAL_IncTick       stm32f4xx_hal.o
    0x0800218c   0x0800218c   0x00000034   Code   RO         2743    i.HAL_Init          stm32f4xx_hal.o
    0x080021c0   0x080021c0   0x00000040   Code   RO         2744    i.HAL_InitTick      stm32f4xx_hal.o
    0x08002200   0x08002200   0x00000030   Code   RO         1672    i.HAL_MspInit       stm32f4xx_hal_msp.o
    0x08002230   0x08002230   0x0000001a   Code   RO         2593    i.HAL_NVIC_EnableIRQ  stm32f4xx_hal_cortex.o
    0x0800224a   0x0800224a   0x00000002   PAD
    0x0800224c   0x0800224c   0x00000040   Code   RO         2599    i.HAL_NVIC_SetPriority  stm32f4xx_hal_cortex.o
    0x0800228c   0x0800228c   0x00000024   Code   RO         2600    i.HAL_NVIC_SetPriorityGrouping  stm32f4xx_hal_cortex.o
    0x080022b0   0x080022b0   0x00000134   Code   RO         1802    i.HAL_RCC_ClockConfig  stm32f4xx_hal_rcc.o
    0x080023e4   0x080023e4   0x00000020   Code   RO         1809    i.HAL_RCC_GetPCLK1Freq  stm32f4xx_hal_rcc.o
    0x08002404   0x08002404   0x00000020   Code   RO         1810    i.HAL_RCC_GetPCLK2Freq  stm32f4xx_hal_rcc.o
    0x08002424   0x08002424   0x00000064   Code   RO         1811    i.HAL_RCC_GetSysClockFreq  stm32f4xx_hal_rcc.o
    0x08002488   0x08002488   0x0000036c   Code   RO         1814    i.HAL_RCC_OscConfig  stm32f4xx_hal_rcc.o
    0x080027f4   0x080027f4   0x000000bc   Code   RO         3449    i.HAL_SPI_Init      stm32f4xx_hal_spi.o
    0x080028b0   0x080028b0   0x00000068   Code   RO         1674    i.HAL_SPI_MspInit   stm32f4xx_hal_msp.o
    0x08002918   0x08002918   0x00000028   Code   RO         2604    i.HAL_SYSTICK_Config  stm32f4xx_hal_cortex.o
    0x08002940   0x08002940   0x00000062   Code   RO         3825    i.HAL_UART_Init     stm32f4xx_hal_uart.o
    0x080029a2   0x080029a2   0x00000002   PAD
    0x080029a4   0x080029a4   0x000000dc   Code   RO         1676    i.HAL_UART_MspInit  stm32f4xx_hal_msp.o
    0x08002a80   0x08002a80   0x000000b2   Code   RO         3833    i.HAL_UART_Transmit  stm32f4xx_hal_uart.o
    0x08002b32   0x08002b32   0x00000002   Code   RO         1584    i.HardFault_Handler  stm32f4xx_it.o
    0x08002b34   0x08002b34   0x0000002e   Code   RO         3034    i.I2C_IsAcknowledgeFailed  stm32f4xx_hal_i2c.o
    0x08002b62   0x08002b62   0x00000002   PAD
    0x08002b64   0x08002b64   0x000000fc   Code   RO         3044    i.I2C_RequestMemoryRead  stm32f4xx_hal_i2c.o
    0x08002c60   0x08002c60   0x000000a8   Code   RO         3045    i.I2C_RequestMemoryWrite  stm32f4xx_hal_i2c.o
    0x08002d08   0x08002d08   0x0000004c   Code   RO         3048    i.I2C_WaitOnBTFFlagUntilTimeout  stm32f4xx_hal_i2c.o
    0x08002d54   0x08002d54   0x00000068   Code   RO         3049    i.I2C_WaitOnFlagUntilTimeout  stm32f4xx_hal_i2c.o
    0x08002dbc   0x08002dbc   0x00000096   Code   RO         3050    i.I2C_WaitOnMasterAddressFlagUntilTimeout  stm32f4xx_hal_i2c.o
    0x08002e52   0x08002e52   0x00000066   Code   RO         3051    i.I2C_WaitOnRXNEFlagUntilTimeout  stm32f4xx_hal_i2c.o
    0x08002eb8   0x08002eb8   0x0000004c   Code   RO         3052    i.I2C_WaitOnTXEFlagUntilTimeout  stm32f4xx_hal_i2c.o
    0x08002f04   0x08002f04   0x00000424   Code   RO          438    i.Init_MPU9250_New  mpu9250mkm.o
    0x08003328   0x08003328   0x000000fc   Code   RO         1390    i.MX_GPIO_Init      main.o
    0x08003424   0x08003424   0x00000044   Code   RO         1391    i.MX_SPI1_Init      main.o
    0x08003468   0x08003468   0x00000002   Code   RO         1585    i.MemManage_Handler  stm32f4xx_it.o
    0x0800346a   0x0800346a   0x00000002   Code   RO         1586    i.NMI_Handler       stm32f4xx_it.o
    0x0800346c   0x0800346c   0x00000002   Code   RO         1587    i.PendSV_Handler    stm32f4xx_it.o
    0x0800346e   0x0800346e   0x00000002   PAD
    0x08003470   0x08003470   0x00000038   Code   RO          445    i.Read_MPU_Reg      mpu9250mkm.o
    0x080034a8   0x080034a8   0x00000034   Code   RO          446    i.Read_MPU_Regs     mpu9250mkm.o
    0x080034dc   0x080034dc   0x00000002   Code   RO         1588    i.SVC_Handler       stm32f4xx_it.o
    0x080034de   0x080034de   0x00000004   Code   RO         1589    i.SysTick_Handler   stm32f4xx_it.o
    0x080034e2   0x080034e2   0x00000002   PAD
    0x080034e4   0x080034e4   0x00000094   Code   RO         1396    i.SystemClock_Config  main.o
    0x08003578   0x08003578   0x00000010   Code   RO         4154    i.SystemInit        system_stm32f4xx.o
    0x08003588   0x08003588   0x0000010c   Code   RO         3851    i.UART_SetConfig    stm32f4xx_hal_uart.o
    0x08003694   0x08003694   0x00000064   Code   RO         3854    i.UART_WaitOnFlagUntilTimeout  stm32f4xx_hal_uart.o
    0x080036f8   0x080036f8   0x00000002   Code   RO         1590    i.UsageFault_Handler  stm32f4xx_it.o
    0x080036fa   0x080036fa   0x00000002   PAD
    0x080036fc   0x080036fc   0x00000318   Code   RO         1400    i.Visualize_MPU9250_Data  main.o
    0x08003a14   0x08003a14   0x00000034   Code   RO          448    i.Write_AK8963_Reg  mpu9250mkm.o
    0x08003a48   0x08003a48   0x00000034   Code   RO          449    i.Write_MPU_Reg     mpu9250mkm.o
    0x08003a7c   0x08003a7c   0x00000030   Code   RO         4393    i.__ARM_fpclassify  m_wm.l(fpclassify.o)
    0x08003aac   0x08003aac   0x00000020   Code   RO         2606    i.__NVIC_SetPriority  stm32f4xx_hal_cortex.o
    0x08003acc   0x08003acc   0x0000000e   Code   RO         4212    i._is_digit         c_w.l(__printf_wp.o)
    0x08003ada   0x08003ada   0x00000002   PAD
    0x08003adc   0x08003adc   0x000000c4   Code   RO         1401    i.main              main.o
    0x08003ba0   0x08003ba0   0x0000002c   Code   RO         4457    locale$$code        c_w.l(lc_numeric_c.o)
    0x08003bcc   0x08003bcc   0x00000062   Code   RO         4238    x$fpl$d2f           fz_wm.l(d2f.o)
    0x08003c2e   0x08003c2e   0x00000002   PAD
    0x08003c30   0x08003c30   0x00000150   Code   RO         4240    x$fpl$dadd          fz_wm.l(daddsub_clz.o)
    0x08003d80   0x08003d80   0x0000002e   Code   RO         4257    x$fpl$dflt          fz_wm.l(dflt_clz.o)
    0x08003dae   0x08003dae   0x00000002   PAD
    0x08003db0   0x08003db0   0x00000154   Code   RO         4264    x$fpl$dmul          fz_wm.l(dmul.o)
    0x08003f04   0x08003f04   0x0000009c   Code   RO         4346    x$fpl$dnaninf       fz_wm.l(dnaninf.o)
    0x08003fa0   0x08003fa0   0x0000000c   Code   RO         4348    x$fpl$dretinf       fz_wm.l(dretinf.o)
    0x08003fac   0x08003fac   0x00000016   Code   RO         4241    x$fpl$drsb          fz_wm.l(daddsub_clz.o)
    0x08003fc2   0x08003fc2   0x00000002   PAD
    0x08003fc4   0x08003fc4   0x000001d4   Code   RO         4242    x$fpl$dsub          fz_wm.l(daddsub_clz.o)
    0x08004198   0x08004198   0x00000056   Code   RO         4268    x$fpl$f2d           fz_wm.l(f2d.o)
    0x080041ee   0x080041ee   0x0000008c   Code   RO         4352    x$fpl$fnaninf       fz_wm.l(fnaninf.o)
    0x0800427a   0x0800427a   0x0000000a   Code   RO         4539    x$fpl$fpinit        fz_wm.l(fpinit.o)
    0x08004284   0x08004284   0x0000000a   Code   RO         4354    x$fpl$fretinf       fz_wm.l(fretinf.o)
    0x0800428e   0x0800428e   0x00000004   Code   RO         4270    x$fpl$printf1       fz_wm.l(printf1.o)
    0x08004292   0x08004292   0x00000000   Code   RO         4358    x$fpl$usenofp       fz_wm.l(usenofp.o)
    0x08004292   0x08004292   0x00000008   Data   RO         2299    .constdata          stm32f4xx_hal_dma.o
    0x0800429a   0x0800429a   0x00000010   Data   RO         4155    .constdata          system_stm32f4xx.o
    0x080042aa   0x080042aa   0x00000008   Data   RO         4156    .constdata          system_stm32f4xx.o
    0x080042b2   0x080042b2   0x00000011   Data   RO         4215    .constdata          c_w.l(__printf_flags_wp.o)
    0x080042c3   0x080042c3   0x00000001   PAD
    0x080042c4   0x080042c4   0x00000094   Data   RO         4432    .constdata          c_w.l(bigflt0.o)
    0x08004358   0x08004358   0x00000020   Data   RO         4610    Region$$Table       anon$$obj.o
    0x08004378   0x08004378   0x0000001c   Data   RO         4456    locale$$data        c_w.l(lc_numeric_c.o)


    Execution Region RW_IRAM1 (Exec base: 0x20000000, Load base: 0x08004394, Size: 0x000008f0, Max: 0x00010000, ABSOLUTE)

    Exec Addr    Load Addr    Size         Type   Attr      Idx    E Section Name        Object

    0x20000000   0x08004394   0x00000004   Data   RW          454    .data               mpu9250mkm.o
    0x20000004   0x08004398   0x00000004   PAD
    0x20000008   0x0800439c   0x00000038   Data   RW         1412    .data               main.o
    0x20000040   0x080043d4   0x0000000c   Data   RW         2750    .data               stm32f4xx_hal.o
    0x2000004c   0x080043e0   0x00000004   Data   RW         4157    .data               system_stm32f4xx.o
    0x20000050        -       0x00000180   Zero   RW         1405    .bss                main.o
    0x200001d0        -       0x00000060   Zero   RW         1406    .bss                main.o
    0x20000230        -       0x00000060   Zero   RW         1407    .bss                main.o
    0x20000290        -       0x00000060   Zero   RW         4464    .bss                c_w.l(libspace.o)
    0x200002f0        -       0x00000200   Zero   RW            2    HEAP                startup_stm32f401xc.o
    0x200004f0        -       0x00000400   Zero   RW            1    STACK               startup_stm32f401xc.o


==============================================================================

Image component sizes


      Code (inc. data)   RO Data    RW Data    ZI Data      Debug   Object Name

         0          0          0          0          0     397512   adxl375mkm.o
         0          0          0          0          0       4140   bme280mkm.o
      1460        124          0         56        576       6683   main.o
      1272         50          0          4          0       5828   mpu9250mkm.o
        64         26        404          0       1536        820   startup_stm32f401xc.o
       180         28          0         12          0       9077   stm32f4xx_hal.o
       198         14          0          0          0      33803   stm32f4xx_hal_cortex.o
        34          0          0          0          0        999   stm32f4xx_hal_crc.o
       752         16          8          0          0       3948   stm32f4xx_hal_dma.o
       486         32          0          0          0       2096   stm32f4xx_hal_gpio.o
      2538         62          0          0          0      14082   stm32f4xx_hal_i2c.o
       516         66          0          0          0       3667   stm32f4xx_hal_msp.o
      1348         76          0          0          0       5096   stm32f4xx_hal_rcc.o
       188          0          0          0          0       1147   stm32f4xx_hal_spi.o
       644         10          0          0          0       4004   stm32f4xx_hal_uart.o
        44         12          0          0          0       4858   stm32f4xx_it.o
        16          4         24          4          0       1055   system_stm32f4xx.o
         0          0          0          0          0        664   tm_stm32_ahrs_imu.o

    ----------------------------------------------------------------------
      9754        520        468         80       2112     499479   Object Totals
         0          0         32          0          0          0   (incl. Generated)
        14          0          0          4          0          0   (incl. Padding)

    ----------------------------------------------------------------------

      Code (inc. data)   RO Data    RW Data    ZI Data      Debug   Library Member Name

         8          0          0          0          0         68   __main.o
       312          4         17          0          0         92   __printf_flags_wp.o
        14          0          0          0          0         68   __printf_wp.o
         0          0          0          0          0          0   __rtentry.o
        12          0          0          0          0          0   __rtentry2.o
         6          0          0          0          0          0   __rtentry4.o
        52          8          0          0          0          0   __scatter.o
        26          0          0          0          0          0   __scatter_copy.o
        28          0          0          0          0          0   __scatter_zi.o
        48          6          0          0          0         96   _printf_char_common.o
         6          0          0          0          0          0   _printf_d.o
       120         16          0          0          0         92   _printf_dec.o
         6          0          0          0          0          0   _printf_f.o
      1054          0          0          0          0        216   _printf_fp_dec.o
       128         16          0          0          0         84   _printf_fp_infnan.o
       178          0          0          0          0         88   _printf_intcommon.o
        78          0          0          0          0        108   _printf_pad.o
         0          0          0          0          0          0   _printf_percent.o
         4          0          0          0          0          0   _printf_percent_end.o
        10          0          0          0          0         68   _sputc.o
       228          4        148          0          0         96   bigflt0.o
      1936        128          0          0          0        672   btod.o
        18          0          0          0          0         80   exit.o
         6          0          0          0          0        152   heapauxi.o
         0          0          0          0          0          0   indicate_semi.o
        44         10         28          0          0         76   lc_numeric_c.o
         2          0          0          0          0          0   libinit.o
        22          0          0          0          0          0   libinit2.o
         2          0          0          0          0          0   libshutdown.o
         2          0          0          0          0          0   libshutdown2.o
         8          4          0          0         96         68   libspace.o
       138          0          0          0          0         80   lludiv10.o
       238          0          0          0          0        100   lludivv7m.o
        40          6          0          0          0         84   noretval__2sprintf.o
         8          4          0          0          0         68   rt_locale_intlibspace.o
        78          0          0          0          0         80   rt_memclr_w.o
         2          0          0          0          0          0   rtexit.o
        10          0          0          0          0          0   rtexit2.o
       128          0          0          0          0         68   strcmpv7m.o
        12          4          0          0          0         68   sys_exit.o
        74          0          0          0          0         80   sys_stackheap_outer.o
         2          0          0          0          0         68   use_no_semi.o
        98          4          0          0          0        140   d2f.o
       826         16          0          0          0        492   daddsub_clz.o
        46          0          0          0          0        116   dflt_clz.o
       340         12          0          0          0        152   dmul.o
       156          4          0          0          0        140   dnaninf.o
        12          0          0          0          0        116   dretinf.o
        86          4          0          0          0        132   f2d.o
       140          4          0          0          0        132   fnaninf.o
        10          0          0          0          0        116   fpinit.o
        10          0          0          0          0        116   fretinf.o
         4          0          0          0          0        116   printf1.o
         0          0          0          0          0          0   usenofp.o
        48          0          0          0          0        124   fpclassify.o

    ----------------------------------------------------------------------
      6884        254        194          0         96       4712   Library Totals
        20          0          1          0          0          0   (incl. Padding)

    ----------------------------------------------------------------------

      Code (inc. data)   RO Data    RW Data    ZI Data      Debug   Library Name

      5088        210        193          0         96       2820   c_w.l
      1728         44          0          0          0       1768   fz_wm.l
        48          0          0          0          0        124   m_wm.l

    ----------------------------------------------------------------------
      6884        254        194          0         96       4712   Library Totals

    ----------------------------------------------------------------------

==============================================================================


      Code (inc. data)   RO Data    RW Data    ZI Data      Debug   

     16638        774        662         80       2208     495383   Grand Totals
     16638        774        662         80       2208     495383   ELF Image Totals
     16638        774        662         80          0          0   ROM Totals

==============================================================================

    Total RO  Size (Code + RO Data)                17300 (  16.89kB)
    Total RW  Size (RW Data + ZI Data)              2288 (   2.23kB)
    Total ROM Size (Code + RO Data + RW Data)      17380 (  16.97kB)

==============================================================================

